build-and-deploy	Set up job	ï»¿2026-02-13T13:22:02.3865189Z Current runner version: '2.331.0'
build-and-deploy	Set up job	2026-02-13T13:22:02.3893915Z ##[group]Runner Image Provisioner
build-and-deploy	Set up job	2026-02-13T13:22:02.3895213Z Hosted Compute Agent
build-and-deploy	Set up job	2026-02-13T13:22:02.3896436Z Version: 20260123.484
build-and-deploy	Set up job	2026-02-13T13:22:02.3897304Z Commit: 6bd6555ca37d84114959e1c76d2c01448ff61c5d
build-and-deploy	Set up job	2026-02-13T13:22:02.3898309Z Build Date: 2026-01-23T19:41:17Z
build-and-deploy	Set up job	2026-02-13T13:22:02.3899201Z Worker ID: {2ee171cc-5723-42c7-a39d-88c5e7061be7}
build-and-deploy	Set up job	2026-02-13T13:22:02.3900183Z Azure Region: eastus
build-and-deploy	Set up job	2026-02-13T13:22:02.3901014Z ##[endgroup]
build-and-deploy	Set up job	2026-02-13T13:22:02.3902781Z ##[group]Operating System
build-and-deploy	Set up job	2026-02-13T13:22:02.3903646Z Ubuntu
build-and-deploy	Set up job	2026-02-13T13:22:02.3904865Z 24.04.3
build-and-deploy	Set up job	2026-02-13T13:22:02.3905548Z LTS
build-and-deploy	Set up job	2026-02-13T13:22:02.3906282Z ##[endgroup]
build-and-deploy	Set up job	2026-02-13T13:22:02.3907049Z ##[group]Runner Image
build-and-deploy	Set up job	2026-02-13T13:22:02.3907944Z Image: ***-24.04
build-and-deploy	Set up job	2026-02-13T13:22:02.3908750Z Version: 20260209.23.1
build-and-deploy	Set up job	2026-02-13T13:22:02.3910228Z Included Software: https://github.com/actions/runner-images/blob/***24/20260209.23/images/***/Ubuntu2404-Readme.md
build-and-deploy	Set up job	2026-02-13T13:22:02.3912304Z Image Release: https://github.com/actions/runner-images/releases/tag/***24%2F20260209.23
build-and-deploy	Set up job	2026-02-13T13:22:02.3913668Z ##[endgroup]
build-and-deploy	Set up job	2026-02-13T13:22:02.3917455Z ##[group]GITHUB_TOKEN Permissions
build-and-deploy	Set up job	2026-02-13T13:22:02.3919879Z Actions: write
build-and-deploy	Set up job	2026-02-13T13:22:02.3920798Z ArtifactMetadata: write
build-and-deploy	Set up job	2026-02-13T13:22:02.3921575Z Attestations: write
build-and-deploy	Set up job	2026-02-13T13:22:02.3922352Z Checks: write
build-and-deploy	Set up job	2026-02-13T13:22:02.3923042Z Contents: write
build-and-deploy	Set up job	2026-02-13T13:22:02.3923820Z Deployments: write
build-and-deploy	Set up job	2026-02-13T13:22:02.3924687Z Discussions: write
build-and-deploy	Set up job	2026-02-13T13:22:02.3925448Z Issues: write
build-and-deploy	Set up job	2026-02-13T13:22:02.3926128Z Metadata: read
build-and-deploy	Set up job	2026-02-13T13:22:02.3926896Z Models: read
build-and-deploy	Set up job	2026-02-13T13:22:02.3927570Z Packages: write
build-and-deploy	Set up job	2026-02-13T13:22:02.3928258Z Pages: write
build-and-deploy	Set up job	2026-02-13T13:22:02.3929033Z PullRequests: write
build-and-deploy	Set up job	2026-02-13T13:22:02.3929862Z RepositoryProjects: write
build-and-deploy	Set up job	2026-02-13T13:22:02.3930629Z SecurityEvents: write
build-and-deploy	Set up job	2026-02-13T13:22:02.3931395Z Statuses: write
build-and-deploy	Set up job	2026-02-13T13:22:02.3932082Z ##[endgroup]
build-and-deploy	Set up job	2026-02-13T13:22:02.3934572Z Secret source: Actions
build-and-deploy	Set up job	2026-02-13T13:22:02.3935702Z Prepare workflow directory
build-and-deploy	Set up job	2026-02-13T13:22:02.4323688Z Prepare all required actions
build-and-deploy	Set up job	2026-02-13T13:22:02.4362270Z Getting action download info
build-and-deploy	Set up job	2026-02-13T13:22:02.7501706Z Download action repository 'actions/checkout@v4' (SHA:34e114876b0b11c390a56381ad16ebd13914f8d5)
build-and-deploy	Set up job	2026-02-13T13:22:02.8919268Z Download action repository 'docker/setup-buildx-action@v3' (SHA:8d2750c68a42422c14e847fe6c8ac0403b4cbd6f)
build-and-deploy	Set up job	2026-02-13T13:22:03.2879060Z Complete job name: build-and-deploy
build-and-deploy	Checkout code	ï»¿2026-02-13T13:22:03.3633774Z ##[group]Run actions/checkout@v4
build-and-deploy	Checkout code	2026-02-13T13:22:03.3635173Z with:
build-and-deploy	Checkout code	2026-02-13T13:22:03.3635748Z   repository: CuracelDev/curacel-peoplev2
build-and-deploy	Checkout code	2026-02-13T13:22:03.3636587Z   token: ***
build-and-deploy	Checkout code	2026-02-13T13:22:03.3637112Z   ssh-strict: ***
build-and-deploy	Checkout code	2026-02-13T13:22:03.3637635Z   ssh-user: git
build-and-deploy	Checkout code	2026-02-13T13:22:03.3638178Z   persist-credentials: ***
build-and-deploy	Checkout code	2026-02-13T13:22:03.3638759Z   clean: ***
build-and-deploy	Checkout code	2026-02-13T13:22:03.3639288Z   sparse-checkout-cone-mode: ***
build-and-deploy	Checkout code	2026-02-13T13:22:03.3639890Z   fetch-depth: 1
build-and-deploy	Checkout code	2026-02-13T13:22:03.3640441Z   fetch-tags: ***
build-and-deploy	Checkout code	2026-02-13T13:22:03.3640960Z   show-progress: ***
build-and-deploy	Checkout code	2026-02-13T13:22:03.3641497Z   lfs: ***
build-and-deploy	Checkout code	2026-02-13T13:22:03.3642034Z   submodules: ***
build-and-deploy	Checkout code	2026-02-13T13:22:03.3642569Z   set-safe-directory: ***
build-and-deploy	Checkout code	2026-02-13T13:22:03.3643549Z env:
build-and-deploy	Checkout code	2026-02-13T13:22:03.3644254Z   DOCKER_BUILDKIT: 1
build-and-deploy	Checkout code	2026-02-13T13:22:03.3644797Z ##[endgroup]
build-and-deploy	Checkout code	2026-02-13T13:22:03.4807360Z Syncing repository: CuracelDev/curacel-peoplev2
build-and-deploy	Checkout code	2026-02-13T13:22:03.4811134Z ##[group]Getting Git version info
build-and-deploy	Checkout code	2026-02-13T13:22:03.4813135Z Working directory is '/home/runner/work/curacel-peoplev2/curacel-peoplev2'
build-and-deploy	Checkout code	2026-02-13T13:22:03.4816347Z [command]/usr/bin/git version
build-and-deploy	Checkout code	2026-02-13T13:22:03.4823600Z git version 2.52.0
build-and-deploy	Checkout code	2026-02-13T13:22:03.4851500Z ##[endgroup]
build-and-deploy	Checkout code	2026-02-13T13:22:03.4868206Z Temporarily overriding HOME='/home/runner/work/_temp/116c3896-662e-4f97-ab80-06e373dea616' before making global git config changes
build-and-deploy	Checkout code	2026-02-13T13:22:03.4871331Z Adding repository directory to the temporary git global config as a safe directory
build-and-deploy	Checkout code	2026-02-13T13:22:03.4885790Z [command]/usr/bin/git config --global --add safe.directory /home/runner/work/curacel-peoplev2/curacel-peoplev2
build-and-deploy	Checkout code	2026-02-13T13:22:03.4930420Z Deleting the contents of '/home/runner/work/curacel-peoplev2/curacel-peoplev2'
build-and-deploy	Checkout code	2026-02-13T13:22:03.4933703Z ##[group]Initializing the repository
build-and-deploy	Checkout code	2026-02-13T13:22:03.4938194Z [command]/usr/bin/git init /home/runner/work/curacel-peoplev2/curacel-peoplev2
build-and-deploy	Checkout code	2026-02-13T13:22:03.5050923Z hint: Using 'master' as the name for the initial branch. This default branch name
build-and-deploy	Checkout code	2026-02-13T13:22:03.5053137Z hint: will change to "main" in Git 3.0. To configure the initial branch name
build-and-deploy	Checkout code	2026-02-13T13:22:03.5055518Z hint: to use in all of your new repositories, which will suppress this warning,
build-and-deploy	Checkout code	2026-02-13T13:22:03.5058150Z hint: call:
build-and-deploy	Checkout code	2026-02-13T13:22:03.5059119Z hint:
build-and-deploy	Checkout code	2026-02-13T13:22:03.5060246Z hint: 	git config --global init.defaultBranch <name>
build-and-deploy	Checkout code	2026-02-13T13:22:03.5061401Z hint:
build-and-deploy	Checkout code	2026-02-13T13:22:03.5062886Z hint: Names commonly chosen instead of 'master' are 'main', 'trunk' and
build-and-deploy	Checkout code	2026-02-13T13:22:03.5065744Z hint: 'development'. The just-created branch can be renamed via this command:
build-and-deploy	Checkout code	2026-02-13T13:22:03.5067404Z hint:
build-and-deploy	Checkout code	2026-02-13T13:22:03.5068409Z hint: 	git branch -m <name>
build-and-deploy	Checkout code	2026-02-13T13:22:03.5069517Z hint:
build-and-deploy	Checkout code	2026-02-13T13:22:03.5070841Z hint: Disable this message with "git config set advice.defaultBranchName ***"
build-and-deploy	Checkout code	2026-02-13T13:22:03.5073153Z Initialized empty Git repository in /home/runner/work/curacel-peoplev2/curacel-peoplev2/.git/
build-and-deploy	Checkout code	2026-02-13T13:22:03.5076284Z [command]/usr/bin/git remote add origin https://github.com/CuracelDev/curacel-peoplev2
build-and-deploy	Checkout code	2026-02-13T13:22:03.5110784Z ##[endgroup]
build-and-deploy	Checkout code	2026-02-13T13:22:03.5112973Z ##[group]Disabling automatic garbage collection
build-and-deploy	Checkout code	2026-02-13T13:22:03.5115056Z [command]/usr/bin/git config --local gc.auto 0
build-and-deploy	Checkout code	2026-02-13T13:22:03.5145715Z ##[endgroup]
build-and-deploy	Checkout code	2026-02-13T13:22:03.5147082Z ##[group]Setting up auth
build-and-deploy	Checkout code	2026-02-13T13:22:03.5151929Z [command]/usr/bin/git config --local --name-only --get-regexp core\.sshCommand
build-and-deploy	Checkout code	2026-02-13T13:22:03.5184389Z [command]/usr/bin/git submodule foreach --recursive sh -c "git config --local --name-only --get-regexp 'core\.sshCommand' && git config --local --unset-all 'core.sshCommand' || :"
build-and-deploy	Checkout code	2026-02-13T13:22:03.5545063Z [command]/usr/bin/git config --local --name-only --get-regexp http\.https\:\/\/github\.com\/\.extraheader
build-and-deploy	Checkout code	2026-02-13T13:22:03.5579072Z [command]/usr/bin/git submodule foreach --recursive sh -c "git config --local --name-only --get-regexp 'http\.https\:\/\/github\.com\/\.extraheader' && git config --local --unset-all 'http.https://github.com/.extraheader' || :"
build-and-deploy	Checkout code	2026-02-13T13:22:03.5816743Z [command]/usr/bin/git config --local --name-only --get-regexp ^includeIf\.gitdir:
build-and-deploy	Checkout code	2026-02-13T13:22:03.5850518Z [command]/usr/bin/git submodule foreach --recursive git config --local --show-origin --name-only --get-regexp remote.origin.url
build-and-deploy	Checkout code	2026-02-13T13:22:03.6103248Z [command]/usr/bin/git config --local http.https://github.com/.extraheader AUTHORIZATION: basic ***
build-and-deploy	Checkout code	2026-02-13T13:22:03.6143296Z ##[endgroup]
build-and-deploy	Checkout code	2026-02-13T13:22:03.6146037Z ##[group]Fetching the repository
build-and-deploy	Checkout code	2026-02-13T13:22:03.6153277Z [command]/usr/bin/git -c protocol.version=2 fetch --no-tags --prune --no-recurse-submodules --depth=1 origin +f833a15a73899bfd989f7ce8bd661f18e95bb0e2:refs/remotes/origin/staging
build-and-deploy	Checkout code	2026-02-13T13:22:04.1803755Z From https://github.com/CuracelDev/curacel-peoplev2
build-and-deploy	Checkout code	2026-02-13T13:22:04.1808225Z  * [new ref]         f833a15a73899bfd989f7ce8bd661f18e95bb0e2 -> origin/staging
build-and-deploy	Checkout code	2026-02-13T13:22:04.1841323Z ##[endgroup]
build-and-deploy	Checkout code	2026-02-13T13:22:04.1843638Z ##[group]Determining the checkout info
build-and-deploy	Checkout code	2026-02-13T13:22:04.1846408Z ##[endgroup]
build-and-deploy	Checkout code	2026-02-13T13:22:04.1848308Z [command]/usr/bin/git sparse-checkout disable
build-and-deploy	Checkout code	2026-02-13T13:22:04.1897486Z [command]/usr/bin/git config --local --unset-all extensions.worktreeConfig
build-and-deploy	Checkout code	2026-02-13T13:22:04.1927348Z ##[group]Checking out the ref
build-and-deploy	Checkout code	2026-02-13T13:22:04.1930423Z [command]/usr/bin/git checkout --progress --force -B staging refs/remotes/origin/staging
build-and-deploy	Checkout code	2026-02-13T13:22:04.2749102Z Switched to a new branch 'staging'
build-and-deploy	Checkout code	2026-02-13T13:22:04.2752194Z branch 'staging' set up to track 'origin/staging'.
build-and-deploy	Checkout code	2026-02-13T13:22:04.2764588Z ##[endgroup]
build-and-deploy	Checkout code	2026-02-13T13:22:04.2804646Z [command]/usr/bin/git log -1 --format=%H
build-and-deploy	Checkout code	2026-02-13T13:22:04.2828422Z f833a15a73899bfd989f7ce8bd661f18e95bb0e2
build-and-deploy	Set up Docker Buildx	ï»¿2026-02-13T13:22:04.3249676Z ##[group]Run docker/setup-buildx-action@v3
build-and-deploy	Set up Docker Buildx	2026-02-13T13:22:04.3251148Z with:
build-and-deploy	Set up Docker Buildx	2026-02-13T13:22:04.3252119Z   driver: docker-container
build-and-deploy	Set up Docker Buildx	2026-02-13T13:22:04.3253306Z   use: ***
build-and-deploy	Set up Docker Buildx	2026-02-13T13:22:04.3254444Z   keep-state: ***
build-and-deploy	Set up Docker Buildx	2026-02-13T13:22:04.3255511Z   cache-binary: ***
build-and-deploy	Set up Docker Buildx	2026-02-13T13:22:04.3256555Z   cleanup: ***
build-and-deploy	Set up Docker Buildx	2026-02-13T13:22:04.3257549Z   install: ***
build-and-deploy	Set up Docker Buildx	2026-02-13T13:22:04.3258502Z env:
build-and-deploy	Set up Docker Buildx	2026-02-13T13:22:04.3259420Z   DOCKER_BUILDKIT: 1
build-and-deploy	Set up Docker Buildx	2026-02-13T13:22:04.3260448Z ##[endgroup]
build-and-deploy	Set up Docker Buildx	2026-02-13T13:22:04.5976386Z ##[group]Docker info
build-and-deploy	Set up Docker Buildx	2026-02-13T13:22:04.5999080Z [command]/usr/bin/docker version
build-and-deploy	Set up Docker Buildx	2026-02-13T13:22:04.6951444Z Client: Docker Engine - Community
build-and-deploy	Set up Docker Buildx	2026-02-13T13:22:04.6952733Z  Version:           29.1.5
build-and-deploy	Set up Docker Buildx	2026-02-13T13:22:04.6954398Z  API version:       1.52
build-and-deploy	Set up Docker Buildx	2026-02-13T13:22:04.6955780Z  Go version:        go1.25.6
build-and-deploy	Set up Docker Buildx	2026-02-13T13:22:04.6956772Z  Git commit:        0e6fee6
build-and-deploy	Set up Docker Buildx	2026-02-13T13:22:04.6957803Z  Built:             Fri Jan 16 12:48:47 2026
build-and-deploy	Set up Docker Buildx	2026-02-13T13:22:04.6958877Z  OS/Arch:           linux/amd64
build-and-deploy	Set up Docker Buildx	2026-02-13T13:22:04.6960017Z  Context:           default
build-and-deploy	Set up Docker Buildx	2026-02-13T13:22:04.6960699Z 
build-and-deploy	Set up Docker Buildx	2026-02-13T13:22:04.6961493Z Server: Docker Engine - Community
build-and-deploy	Set up Docker Buildx	2026-02-13T13:22:04.6963486Z  Engine:
build-and-deploy	Set up Docker Buildx	2026-02-13T13:22:04.6965582Z   Version:          29.1.5
build-and-deploy	Set up Docker Buildx	2026-02-13T13:22:04.6967681Z   API version:      1.52 (minimum version 1.44)
build-and-deploy	Set up Docker Buildx	2026-02-13T13:22:04.6969716Z   Go version:       go1.25.6
build-and-deploy	Set up Docker Buildx	2026-02-13T13:22:04.6971685Z   Git commit:       3b01d64
build-and-deploy	Set up Docker Buildx	2026-02-13T13:22:04.6973508Z   Built:            Fri Jan 16 12:48:47 2026
build-and-deploy	Set up Docker Buildx	2026-02-13T13:22:04.6975706Z   OS/Arch:          linux/amd64
build-and-deploy	Set up Docker Buildx	2026-02-13T13:22:04.6977758Z   Experimental:     ***
build-and-deploy	Set up Docker Buildx	2026-02-13T13:22:04.6979522Z  containerd:
build-and-deploy	Set up Docker Buildx	2026-02-13T13:22:04.6981203Z   Version:          v2.2.1
build-and-deploy	Set up Docker Buildx	2026-02-13T13:22:04.6983209Z   GitCommit:        dea7da592f5d1d2b7755e3a161be07f43fad8f75
build-and-deploy	Set up Docker Buildx	2026-02-13T13:22:04.6985383Z  runc:
build-and-deploy	Set up Docker Buildx	2026-02-13T13:22:04.6987054Z   Version:          1.3.4
build-and-deploy	Set up Docker Buildx	2026-02-13T13:22:04.6988873Z   GitCommit:        v1.3.4-0-gd6d73eb8
build-and-deploy	Set up Docker Buildx	2026-02-13T13:22:04.6990764Z  docker-init:
build-and-deploy	Set up Docker Buildx	2026-02-13T13:22:04.6992414Z   Version:          0.19.0
build-and-deploy	Set up Docker Buildx	2026-02-13T13:22:04.6994711Z   GitCommit:        de40ad0
build-and-deploy	Set up Docker Buildx	2026-02-13T13:22:04.7014536Z [command]/usr/bin/docker info
build-and-deploy	Set up Docker Buildx	2026-02-13T13:22:08.0209884Z Client: Docker Engine - Community
build-and-deploy	Set up Docker Buildx	2026-02-13T13:22:08.0225062Z  Version:    29.1.5
build-and-deploy	Set up Docker Buildx	2026-02-13T13:22:08.0225834Z  Context:    default
build-and-deploy	Set up Docker Buildx	2026-02-13T13:22:08.0226884Z  Debug Mode: ***
build-and-deploy	Set up Docker Buildx	2026-02-13T13:22:08.0227485Z  Plugins:
build-and-deploy	Set up Docker Buildx	2026-02-13T13:22:08.0228053Z   buildx: Docker Buildx (Docker Inc.)
build-and-deploy	Set up Docker Buildx	2026-02-13T13:22:08.0228736Z     Version:  v0.31.1
build-and-deploy	Set up Docker Buildx	2026-02-13T13:22:08.0229514Z     Path:     /usr/libexec/docker/cli-plugins/docker-buildx
build-and-deploy	Set up Docker Buildx	2026-02-13T13:22:08.0230309Z   compose: Docker Compose (Docker Inc.)
build-and-deploy	Set up Docker Buildx	2026-02-13T13:22:08.0230978Z     Version:  v2.40.3
build-and-deploy	Set up Docker Buildx	2026-02-13T13:22:08.0231733Z     Path:     /usr/libexec/docker/cli-plugins/docker-compose
build-and-deploy	Set up Docker Buildx	2026-02-13T13:22:08.0232251Z 
build-and-deploy	Set up Docker Buildx	2026-02-13T13:22:08.0232465Z Server:
build-and-deploy	Set up Docker Buildx	2026-02-13T13:22:08.0232942Z  Containers: 0
build-and-deploy	Set up Docker Buildx	2026-02-13T13:22:08.0233483Z   Running: 0
build-and-deploy	Set up Docker Buildx	2026-02-13T13:22:08.0234400Z   Paused: 0
build-and-deploy	Set up Docker Buildx	2026-02-13T13:22:08.0234932Z   Stopped: 0
build-and-deploy	Set up Docker Buildx	2026-02-13T13:22:08.0235425Z  Images: 1
build-and-deploy	Set up Docker Buildx	2026-02-13T13:22:08.0235911Z  Server Version: 29.1.5
build-and-deploy	Set up Docker Buildx	2026-02-13T13:22:08.0236472Z  Storage Driver: overlayfs
build-and-deploy	Set up Docker Buildx	2026-02-13T13:22:08.0237116Z   driver-type: io.containerd.snapshotter.v1
build-and-deploy	Set up Docker Buildx	2026-02-13T13:22:08.0237800Z  Logging Driver: json-file
build-and-deploy	Set up Docker Buildx	2026-02-13T13:22:08.0238369Z  Cgroup Driver: systemd
build-and-deploy	Set up Docker Buildx	2026-02-13T13:22:08.0238906Z  Cgroup Version: 2
build-and-deploy	Set up Docker Buildx	2026-02-13T13:22:08.0239416Z  Plugins:
build-and-deploy	Set up Docker Buildx	2026-02-13T13:22:08.0239887Z   Volume: local
build-and-deploy	Set up Docker Buildx	2026-02-13T13:22:08.0240583Z   Network: bridge host ipvlan macvlan null overlay
build-and-deploy	Set up Docker Buildx	2026-02-13T13:22:08.0241251Z   Log: awslogs fluentd gcplogs gelf journald json-file local splunk syslog
build-and-deploy	Set up Docker Buildx	2026-02-13T13:22:08.0241894Z  CDI spec directories:
build-and-deploy	Set up Docker Buildx	2026-02-13T13:22:08.0242950Z   /etc/cdi
build-and-deploy	Set up Docker Buildx	2026-02-13T13:22:08.0243340Z   /var/run/cdi
build-and-deploy	Set up Docker Buildx	2026-02-13T13:22:08.0243693Z  Swarm: inactive
build-and-deploy	Set up Docker Buildx	2026-02-13T13:22:08.0244735Z  Runtimes: io.containerd.runc.v2 runc
build-and-deploy	Set up Docker Buildx	2026-02-13T13:22:08.0245181Z  Default Runtime: runc
build-and-deploy	Set up Docker Buildx	2026-02-13T13:22:08.0245606Z  Init Binary: docker-init
build-and-deploy	Set up Docker Buildx	2026-02-13T13:22:08.0246623Z  containerd version: dea7da592f5d1d2b7755e3a161be07f43fad8f75
build-and-deploy	Set up Docker Buildx	2026-02-13T13:22:08.0247226Z  runc version: v1.3.4-0-gd6d73eb8
build-and-deploy	Set up Docker Buildx	2026-02-13T13:22:08.0247645Z  init version: de40ad0
build-and-deploy	Set up Docker Buildx	2026-02-13T13:22:08.0248053Z  Security Options:
build-and-deploy	Set up Docker Buildx	2026-02-13T13:22:08.0248405Z   apparmor
build-and-deploy	Set up Docker Buildx	2026-02-13T13:22:08.0248777Z   seccomp
build-and-deploy	Set up Docker Buildx	2026-02-13T13:22:08.0249080Z    Profile: builtin
build-and-deploy	Set up Docker Buildx	2026-02-13T13:22:08.0249514Z   cgroupns
build-and-deploy	Set up Docker Buildx	2026-02-13T13:22:08.0249825Z  Kernel Version: 6.14.0-1017-azure
build-and-deploy	Set up Docker Buildx	2026-02-13T13:22:08.0250328Z  Operating System: Ubuntu 24.04.3 LTS
build-and-deploy	Set up Docker Buildx	2026-02-13T13:22:08.0250769Z  OSType: linux
build-and-deploy	Set up Docker Buildx	2026-02-13T13:22:08.0251134Z  Architecture: x86_64
build-and-deploy	Set up Docker Buildx	2026-02-13T13:22:08.0251586Z  CPUs: 4
build-and-deploy	Set up Docker Buildx	2026-02-13T13:22:08.0251937Z  Total Memory: 15.62GiB
build-and-deploy	Set up Docker Buildx	2026-02-13T13:22:08.0252388Z  Name: runnervmjduv7
build-and-deploy	Set up Docker Buildx	2026-02-13T13:22:08.0252859Z  ID: 169aa517-19ec-4d49-bd61-4bb79f5886f6
build-and-deploy	Set up Docker Buildx	2026-02-13T13:22:08.0253290Z  Docker Root Dir: /var/lib/docker
build-and-deploy	Set up Docker Buildx	2026-02-13T13:22:08.0253922Z  Debug Mode: ***
build-and-deploy	Set up Docker Buildx	2026-02-13T13:22:08.0254798Z  Username: githubactions
build-and-deploy	Set up Docker Buildx	2026-02-13T13:22:08.0255392Z  Experimental: ***
build-and-deploy	Set up Docker Buildx	2026-02-13T13:22:08.0255732Z  Insecure Registries:
build-and-deploy	Set up Docker Buildx	2026-02-13T13:22:08.0259805Z   ::1/128
build-and-deploy	Set up Docker Buildx	2026-02-13T13:22:08.0260260Z   127.0.0.0/8
build-and-deploy	Set up Docker Buildx	2026-02-13T13:22:08.0260623Z  Live Restore Enabled: ***
build-and-deploy	Set up Docker Buildx	2026-02-13T13:22:08.0260999Z  Firewall Backend: iptables
build-and-deploy	Set up Docker Buildx	2026-02-13T13:22:08.0261219Z 
build-and-deploy	Set up Docker Buildx	2026-02-13T13:22:08.0262069Z ##[endgroup]
build-and-deploy	Set up Docker Buildx	2026-02-13T13:22:08.1704846Z ##[group]Buildx version
build-and-deploy	Set up Docker Buildx	2026-02-13T13:22:08.1729995Z [command]/usr/bin/docker buildx version
build-and-deploy	Set up Docker Buildx	2026-02-13T13:22:08.2863671Z github.com/docker/buildx v0.31.1 a2675950d46b2cb171b23c2015ca44fb88607531
build-and-deploy	Set up Docker Buildx	2026-02-13T13:22:08.2909380Z ##[endgroup]
build-and-deploy	Set up Docker Buildx	2026-02-13T13:22:08.3072035Z ##[group]Inspecting default docker context
build-and-deploy	Set up Docker Buildx	2026-02-13T13:22:08.3221575Z [
build-and-deploy	Set up Docker Buildx	2026-02-13T13:22:08.3222205Z   {
build-and-deploy	Set up Docker Buildx	2026-02-13T13:22:08.3222848Z     "Name": "default",
build-and-deploy	Set up Docker Buildx	2026-02-13T13:22:08.3223286Z     "Metadata": {},
build-and-deploy	Set up Docker Buildx	2026-02-13T13:22:08.3223699Z     "Endpoints": {
build-and-deploy	Set up Docker Buildx	2026-02-13T13:22:08.3224243Z       "docker": {
build-and-deploy	Set up Docker Buildx	2026-02-13T13:22:08.3224672Z         "Host": "unix:///var/run/docker.sock",
build-and-deploy	Set up Docker Buildx	2026-02-13T13:22:08.3225527Z         "SkipTLSVerify": ***
build-and-deploy	Set up Docker Buildx	2026-02-13T13:22:08.3225961Z       }
build-and-deploy	Set up Docker Buildx	2026-02-13T13:22:08.3226292Z     },
build-and-deploy	Set up Docker Buildx	2026-02-13T13:22:08.3226635Z     "TLSMaterial": {},
build-and-deploy	Set up Docker Buildx	2026-02-13T13:22:08.3227170Z     "Storage": {
build-and-deploy	Set up Docker Buildx	2026-02-13T13:22:08.3227652Z       "MetadataPath": "<IN MEMORY>",
build-and-deploy	Set up Docker Buildx	2026-02-13T13:22:08.3228275Z       "TLSPath": "<IN MEMORY>"
build-and-deploy	Set up Docker Buildx	2026-02-13T13:22:08.3228691Z     }
build-and-deploy	Set up Docker Buildx	2026-02-13T13:22:08.3229145Z   }
build-and-deploy	Set up Docker Buildx	2026-02-13T13:22:08.3229455Z ]
build-and-deploy	Set up Docker Buildx	2026-02-13T13:22:08.3230390Z ##[endgroup]
build-and-deploy	Set up Docker Buildx	2026-02-13T13:22:08.3231251Z ##[group]Creating a new builder instance
build-and-deploy	Set up Docker Buildx	2026-02-13T13:22:08.4920301Z [command]/usr/bin/docker buildx create --name builder-fc45929d-3859-4501-9537-e1557fc2a49f --driver docker-container --buildkitd-flags --allow-insecure-entitlement security.insecure --allow-insecure-entitlement network.host --use
build-and-deploy	Set up Docker Buildx	2026-02-13T13:22:08.5824502Z builder-fc45929d-3859-4501-9537-e1557fc2a49f
build-and-deploy	Set up Docker Buildx	2026-02-13T13:22:08.5868210Z ##[endgroup]
build-and-deploy	Set up Docker Buildx	2026-02-13T13:22:08.5868946Z ##[group]Booting builder
build-and-deploy	Set up Docker Buildx	2026-02-13T13:22:08.5914820Z [command]/usr/bin/docker buildx inspect --bootstrap --builder builder-fc45929d-3859-4501-9537-e1557fc2a49f
build-and-deploy	Set up Docker Buildx	2026-02-13T13:22:08.6635544Z #1 [internal] booting buildkit
build-and-deploy	Set up Docker Buildx	2026-02-13T13:22:08.8140736Z #1 pulling image moby/buildkit:buildx-stable-1
build-and-deploy	Set up Docker Buildx	2026-02-13T13:22:10.5825485Z #1 pulling image moby/buildkit:buildx-stable-1 1.9s done
build-and-deploy	Set up Docker Buildx	2026-02-13T13:22:10.7328802Z #1 creating container buildx_buildkit_builder-fc45929d-3859-4501-9537-e1557fc2a49f0
build-and-deploy	Set up Docker Buildx	2026-02-13T13:22:12.3368860Z #1 creating container buildx_buildkit_builder-fc45929d-3859-4501-9537-e1557fc2a49f0 1.8s done
build-and-deploy	Set up Docker Buildx	2026-02-13T13:22:12.3392870Z #1 DONE 3.7s
build-and-deploy	Set up Docker Buildx	2026-02-13T13:22:12.3755713Z Name:          builder-fc45929d-3859-4501-9537-e1557fc2a49f
build-and-deploy	Set up Docker Buildx	2026-02-13T13:22:12.3757022Z Driver:        docker-container
build-and-deploy	Set up Docker Buildx	2026-02-13T13:22:12.3757653Z Last Activity: 2026-02-13 13:22:08 +0000 UTC
build-and-deploy	Set up Docker Buildx	2026-02-13T13:22:12.3758081Z 
build-and-deploy	Set up Docker Buildx	2026-02-13T13:22:12.3758274Z Nodes:
build-and-deploy	Set up Docker Buildx	2026-02-13T13:22:12.3758850Z Name:                  builder-fc45929d-3859-4501-9537-e1557fc2a49f0
build-and-deploy	Set up Docker Buildx	2026-02-13T13:22:12.3759859Z Endpoint:              unix:///var/run/docker.sock
build-and-deploy	Set up Docker Buildx	2026-02-13T13:22:12.3760489Z Status:                running
build-and-deploy	Set up Docker Buildx	2026-02-13T13:22:12.3761597Z BuildKit daemon flags: --allow-insecure-entitlement security.insecure --allow-insecure-entitlement network.host
build-and-deploy	Set up Docker Buildx	2026-02-13T13:22:12.3762745Z BuildKit version:      v0.27.1
build-and-deploy	Set up Docker Buildx	2026-02-13T13:22:12.3763438Z Platforms:             linux/amd64, linux/amd64/v2, linux/amd64/v3, linux/386
build-and-deploy	Set up Docker Buildx	2026-02-13T13:22:12.3764403Z Labels:
build-and-deploy	Set up Docker Buildx	2026-02-13T13:22:12.3765675Z  org.mobyproject.buildkit.worker.executor:         oci
build-and-deploy	Set up Docker Buildx	2026-02-13T13:22:12.3766573Z  org.mobyproject.buildkit.worker.hostname:         c71f2bbd63ec
build-and-deploy	Set up Docker Buildx	2026-02-13T13:22:12.3767731Z  org.mobyproject.buildkit.worker.network:          host
build-and-deploy	Set up Docker Buildx	2026-02-13T13:22:12.3768614Z  org.mobyproject.buildkit.worker.oci.process-mode: sandbox
build-and-deploy	Set up Docker Buildx	2026-02-13T13:22:12.3769558Z  org.mobyproject.buildkit.worker.selinux.enabled:  ***
build-and-deploy	Set up Docker Buildx	2026-02-13T13:22:12.3770388Z  org.mobyproject.buildkit.worker.snapshotter:      overlayfs
build-and-deploy	Set up Docker Buildx	2026-02-13T13:22:12.3771071Z GC Policy rule#0:
build-and-deploy	Set up Docker Buildx	2026-02-13T13:22:12.3771494Z  All:            ***
build-and-deploy	Set up Docker Buildx	2026-02-13T13:22:12.3772170Z  Filters:        type==source.local,type==exec.cachemount,type==source.git.checkout
build-and-deploy	Set up Docker Buildx	2026-02-13T13:22:12.3773358Z  Keep Duration:  48h0m0s
build-and-deploy	Set up Docker Buildx	2026-02-13T13:22:12.3773861Z  Max Used Space: 488.3MiB
build-and-deploy	Set up Docker Buildx	2026-02-13T13:22:12.3774466Z GC Policy rule#1:
build-and-deploy	Set up Docker Buildx	2026-02-13T13:22:12.3774867Z  All:            ***
build-and-deploy	Set up Docker Buildx	2026-02-13T13:22:12.3775283Z  Keep Duration:  1440h0m0s
build-and-deploy	Set up Docker Buildx	2026-02-13T13:22:12.3775745Z  Reserved Space: 9.313GiB
build-and-deploy	Set up Docker Buildx	2026-02-13T13:22:12.3776190Z  Max Used Space: 93.13GiB
build-and-deploy	Set up Docker Buildx	2026-02-13T13:22:12.3776625Z  Min Free Space: 27.01GiB
build-and-deploy	Set up Docker Buildx	2026-02-13T13:22:12.3777044Z GC Policy rule#2:
build-and-deploy	Set up Docker Buildx	2026-02-13T13:22:12.3777447Z  All:            ***
build-and-deploy	Set up Docker Buildx	2026-02-13T13:22:12.3777867Z  Reserved Space: 9.313GiB
build-and-deploy	Set up Docker Buildx	2026-02-13T13:22:12.3778310Z  Max Used Space: 93.13GiB
build-and-deploy	Set up Docker Buildx	2026-02-13T13:22:12.3778735Z  Min Free Space: 27.01GiB
build-and-deploy	Set up Docker Buildx	2026-02-13T13:22:12.3779329Z GC Policy rule#3:
build-and-deploy	Set up Docker Buildx	2026-02-13T13:22:12.3779706Z  All:            ***
build-and-deploy	Set up Docker Buildx	2026-02-13T13:22:12.3780112Z  Reserved Space: 9.313GiB
build-and-deploy	Set up Docker Buildx	2026-02-13T13:22:12.3780517Z  Max Used Space: 93.13GiB
build-and-deploy	Set up Docker Buildx	2026-02-13T13:22:12.3780931Z  Min Free Space: 27.01GiB
build-and-deploy	Set up Docker Buildx	2026-02-13T13:22:12.3813320Z ##[endgroup]
build-and-deploy	Set up Docker Buildx	2026-02-13T13:22:12.4888781Z ##[group]Inspect builder
build-and-deploy	Set up Docker Buildx	2026-02-13T13:22:12.4890630Z {
build-and-deploy	Set up Docker Buildx	2026-02-13T13:22:12.4891005Z   "nodes": [
build-and-deploy	Set up Docker Buildx	2026-02-13T13:22:12.4891401Z     {
build-and-deploy	Set up Docker Buildx	2026-02-13T13:22:12.4891894Z       "name": "builder-fc45929d-3859-4501-9537-e1557fc2a49f0",
build-and-deploy	Set up Docker Buildx	2026-02-13T13:22:12.4892481Z       "endpoint": "unix:///var/run/docker.sock",
build-and-deploy	Set up Docker Buildx	2026-02-13T13:22:12.4892855Z       "status": "running",
build-and-deploy	Set up Docker Buildx	2026-02-13T13:22:12.4893485Z       "buildkitd-flags": "--allow-insecure-entitlement security.insecure --allow-insecure-entitlement network.host",
build-and-deploy	Set up Docker Buildx	2026-02-13T13:22:12.4894492Z       "buildkit": "v0.27.1",
build-and-deploy	Set up Docker Buildx	2026-02-13T13:22:12.4894969Z       "platforms": "linux/amd64,linux/amd64/v2,linux/amd64/v3,linux/386",
build-and-deploy	Set up Docker Buildx	2026-02-13T13:22:12.4895419Z       "features": {
build-and-deploy	Set up Docker Buildx	2026-02-13T13:22:12.4895940Z         "Automatically load images to the Docker Engine image store": ***,
build-and-deploy	Set up Docker Buildx	2026-02-13T13:22:12.4896444Z         "Cache export": ***,
build-and-deploy	Set up Docker Buildx	2026-02-13T13:22:12.4896758Z         "Direct push": ***,
build-and-deploy	Set up Docker Buildx	2026-02-13T13:22:12.4897072Z         "Docker exporter": ***,
build-and-deploy	Set up Docker Buildx	2026-02-13T13:22:12.4897401Z         "Multi-platform build": ***,
build-and-deploy	Set up Docker Buildx	2026-02-13T13:22:12.4897736Z         "OCI exporter": ***
build-and-deploy	Set up Docker Buildx	2026-02-13T13:22:12.4898139Z       },
build-and-deploy	Set up Docker Buildx	2026-02-13T13:22:12.4898380Z       "labels": {
build-and-deploy	Set up Docker Buildx	2026-02-13T13:22:12.4898754Z         "org.mobyproject.buildkit.worker.executor": "oci",
build-and-deploy	Set up Docker Buildx	2026-02-13T13:22:12.4899255Z         "org.mobyproject.buildkit.worker.hostname": "c71f2bbd63ec",
build-and-deploy	Set up Docker Buildx	2026-02-13T13:22:12.4899761Z         "org.mobyproject.buildkit.worker.network": "host",
build-and-deploy	Set up Docker Buildx	2026-02-13T13:22:12.4900281Z         "org.mobyproject.buildkit.worker.oci.process-mode": "sandbox",
build-and-deploy	Set up Docker Buildx	2026-02-13T13:22:12.4901150Z         "org.mobyproject.buildkit.worker.selinux.enabled": "***",
build-and-deploy	Set up Docker Buildx	2026-02-13T13:22:12.4901692Z         "org.mobyproject.buildkit.worker.snapshotter": "overlayfs"
build-and-deploy	Set up Docker Buildx	2026-02-13T13:22:12.4902118Z       },
build-and-deploy	Set up Docker Buildx	2026-02-13T13:22:12.4902347Z       "gcPolicy": [
build-and-deploy	Set up Docker Buildx	2026-02-13T13:22:12.4902805Z         {
build-and-deploy	Set up Docker Buildx	2026-02-13T13:22:12.4903040Z           "all": ***,
build-and-deploy	Set up Docker Buildx	2026-02-13T13:22:12.4903285Z           "filter": [
build-and-deploy	Set up Docker Buildx	2026-02-13T13:22:12.4903539Z             "type==source.local",
build-and-deploy	Set up Docker Buildx	2026-02-13T13:22:12.4903837Z             "type==exec.cachemount",
build-and-deploy	Set up Docker Buildx	2026-02-13T13:22:12.4904891Z             "type==source.git.checkout"
build-and-deploy	Set up Docker Buildx	2026-02-13T13:22:12.4905220Z           ],
build-and-deploy	Set up Docker Buildx	2026-02-13T13:22:12.4905466Z           "keepDuration": "48h0m0s",
build-and-deploy	Set up Docker Buildx	2026-02-13T13:22:12.4905771Z           "maxUsedSpace": "488.3MiB"
build-and-deploy	Set up Docker Buildx	2026-02-13T13:22:12.4906046Z         },
build-and-deploy	Set up Docker Buildx	2026-02-13T13:22:12.4906250Z         {
build-and-deploy	Set up Docker Buildx	2026-02-13T13:22:12.4906482Z           "all": ***,
build-and-deploy	Set up Docker Buildx	2026-02-13T13:22:12.4906747Z           "keepDuration": "1440h0m0s",
build-and-deploy	Set up Docker Buildx	2026-02-13T13:22:12.4907068Z           "reservedSpace": "9.313GiB",
build-and-deploy	Set up Docker Buildx	2026-02-13T13:22:12.4907415Z           "maxUsedSpace": "93.13GiB",
build-and-deploy	Set up Docker Buildx	2026-02-13T13:22:12.4907723Z           "minFreeSpace": "27.01GiB"
build-and-deploy	Set up Docker Buildx	2026-02-13T13:22:12.4908005Z         },
build-and-deploy	Set up Docker Buildx	2026-02-13T13:22:12.4908223Z         {
build-and-deploy	Set up Docker Buildx	2026-02-13T13:22:12.4908452Z           "all": ***,
build-and-deploy	Set up Docker Buildx	2026-02-13T13:22:12.4908764Z           "reservedSpace": "9.313GiB",
build-and-deploy	Set up Docker Buildx	2026-02-13T13:22:12.4909180Z           "maxUsedSpace": "93.13GiB",
build-and-deploy	Set up Docker Buildx	2026-02-13T13:22:12.4909481Z           "minFreeSpace": "27.01GiB"
build-and-deploy	Set up Docker Buildx	2026-02-13T13:22:12.4909760Z         },
build-and-deploy	Set up Docker Buildx	2026-02-13T13:22:12.4909964Z         {
build-and-deploy	Set up Docker Buildx	2026-02-13T13:22:12.4910184Z           "all": ***,
build-and-deploy	Set up Docker Buildx	2026-02-13T13:22:12.4910444Z           "reservedSpace": "9.313GiB",
build-and-deploy	Set up Docker Buildx	2026-02-13T13:22:12.4910745Z           "maxUsedSpace": "93.13GiB",
build-and-deploy	Set up Docker Buildx	2026-02-13T13:22:12.4911047Z           "minFreeSpace": "27.01GiB"
build-and-deploy	Set up Docker Buildx	2026-02-13T13:22:12.4911333Z         }
build-and-deploy	Set up Docker Buildx	2026-02-13T13:22:12.4911538Z       ]
build-and-deploy	Set up Docker Buildx	2026-02-13T13:22:12.4911750Z     }
build-and-deploy	Set up Docker Buildx	2026-02-13T13:22:12.4911958Z   ],
build-and-deploy	Set up Docker Buildx	2026-02-13T13:22:12.4912235Z   "name": "builder-fc45929d-3859-4501-9537-e1557fc2a49f",
build-and-deploy	Set up Docker Buildx	2026-02-13T13:22:12.4912610Z   "driver": "docker-container",
build-and-deploy	Set up Docker Buildx	2026-02-13T13:22:12.4912933Z   "lastActivity": "2026-02-13T13:22:08.000Z"
build-and-deploy	Set up Docker Buildx	2026-02-13T13:22:12.4913277Z }
build-and-deploy	Set up Docker Buildx	2026-02-13T13:22:12.4913765Z ##[endgroup]
build-and-deploy	Set up Docker Buildx	2026-02-13T13:22:12.4914405Z ##[group]BuildKit version
build-and-deploy	Set up Docker Buildx	2026-02-13T13:22:12.4914746Z builder-fc45929d-3859-4501-9537-e1557fc2a49f0: v0.27.1
build-and-deploy	Set up Docker Buildx	2026-02-13T13:22:12.4915359Z ##[endgroup]
build-and-deploy	Build staging image	ï»¿2026-02-13T13:22:12.5039920Z ##[group]Run echo "Building staging image..."
build-and-deploy	Build staging image	2026-02-13T13:22:12.5040471Z [36;1mecho "Building staging image..."[0m
build-and-deploy	Build staging image	2026-02-13T13:22:12.5041087Z [36;1mdocker build --target runner -t curacel-people-app-staging:latest .[0m
build-and-deploy	Build staging image	2026-02-13T13:22:12.5095588Z shell: /usr/bin/bash -e {0}
build-and-deploy	Build staging image	2026-02-13T13:22:12.5095991Z env:
build-and-deploy	Build staging image	2026-02-13T13:22:12.5096283Z   DOCKER_BUILDKIT: 1
build-and-deploy	Build staging image	2026-02-13T13:22:12.5096601Z ##[endgroup]
build-and-deploy	Build staging image	2026-02-13T13:22:12.5190915Z Building staging image...
build-and-deploy	Build staging image	2026-02-13T13:22:12.8691606Z #0 building with "default" instance using docker driver
build-and-deploy	Build staging image	2026-02-13T13:22:12.8692208Z 
build-and-deploy	Build staging image	2026-02-13T13:22:12.8692507Z #1 [internal] load build definition from Dockerfile
build-and-deploy	Build staging image	2026-02-13T13:22:12.8693221Z #1 transferring dockerfile: 3.43kB done
build-and-deploy	Build staging image	2026-02-13T13:22:12.8693790Z #1 DONE 0.0s
build-and-deploy	Build staging image	2026-02-13T13:22:12.8694321Z 
build-and-deploy	Build staging image	2026-02-13T13:22:12.8694661Z #2 [auth] library/node:pull token for registry-1.docker.io
build-and-deploy	Build staging image	2026-02-13T13:22:12.8695328Z #2 DONE 0.0s
build-and-deploy	Build staging image	2026-02-13T13:22:12.8695570Z 
build-and-deploy	Build staging image	2026-02-13T13:22:12.8695914Z #3 [internal] load metadata for docker.io/library/node:20-alpine
build-and-deploy	Build staging image	2026-02-13T13:22:13.0486483Z #3 DONE 0.4s
build-and-deploy	Build staging image	2026-02-13T13:22:13.1629018Z 
build-and-deploy	Build staging image	2026-02-13T13:22:13.1630155Z #4 [internal] load .dockerignore
build-and-deploy	Build staging image	2026-02-13T13:22:13.1636926Z #4 transferring context: 2B done
build-and-deploy	Build staging image	2026-02-13T13:22:13.1637552Z #4 DONE 0.0s
build-and-deploy	Build staging image	2026-02-13T13:22:13.1637836Z 
build-and-deploy	Build staging image	2026-02-13T13:22:13.1638606Z #5 [base 1/3] FROM docker.io/library/node:20-alpine@sha256:09e2b3d9726018aecf269bd35325f46bf75046a643a66d28360ec71132750ec8
build-and-deploy	Build staging image	2026-02-13T13:22:13.1640324Z #5 resolve docker.io/library/node:20-alpine@sha256:09e2b3d9726018aecf269bd35325f46bf75046a643a66d28360ec71132750ec8 0.0s done
build-and-deploy	Build staging image	2026-02-13T13:22:13.1642247Z #5 sha256:e31b2016552274339ed88ed4a438d78bf37e0f6bdf328d02207b2a598c1ef86d 445B / 445B 0.0s done
build-and-deploy	Build staging image	2026-02-13T13:22:13.2762387Z #5 sha256:eb87f4721c91769ed5206f34a9ab6ec98fc1d5235c12c2fc956665b1155e9ecb 1.26MB / 1.26MB 0.1s done
build-and-deploy	Build staging image	2026-02-13T13:22:13.4362589Z #5 ...
build-and-deploy	Build staging image	2026-02-13T13:22:13.4363036Z 
build-and-deploy	Build staging image	2026-02-13T13:22:13.4365276Z #6 [internal] load build context
build-and-deploy	Build staging image	2026-02-13T13:22:13.4367038Z #6 transferring context: 19.28MB 0.2s done
build-and-deploy	Build staging image	2026-02-13T13:22:13.4367997Z #6 DONE 0.2s
build-and-deploy	Build staging image	2026-02-13T13:22:13.4368375Z 
build-and-deploy	Build staging image	2026-02-13T13:22:13.4369589Z #5 [base 1/3] FROM docker.io/library/node:20-alpine@sha256:09e2b3d9726018aecf269bd35325f46bf75046a643a66d28360ec71132750ec8
build-and-deploy	Build staging image	2026-02-13T13:22:13.4372084Z #5 sha256:ad6d96c196e3198e14ea37df8bba4f54bf92fb525eb65e49fa4027c7dee13f80 11.53MB / 42.78MB 0.2s
build-and-deploy	Build staging image	2026-02-13T13:22:13.4373413Z #5 sha256:ad6d96c196e3198e14ea37df8bba4f54bf92fb525eb65e49fa4027c7dee13f80 20.97MB / 42.78MB 0.3s
build-and-deploy	Build staging image	2026-02-13T13:22:13.5865501Z #5 sha256:ad6d96c196e3198e14ea37df8bba4f54bf92fb525eb65e49fa4027c7dee13f80 39.85MB / 42.78MB 0.5s
build-and-deploy	Build staging image	2026-02-13T13:22:13.7988374Z #5 sha256:ad6d96c196e3198e14ea37df8bba4f54bf92fb525eb65e49fa4027c7dee13f80 42.78MB / 42.78MB 0.5s done
build-and-deploy	Build staging image	2026-02-13T13:22:13.7989701Z #5 extracting sha256:ad6d96c196e3198e14ea37df8bba4f54bf92fb525eb65e49fa4027c7dee13f80
build-and-deploy	Build staging image	2026-02-13T13:22:14.5397125Z #5 extracting sha256:ad6d96c196e3198e14ea37df8bba4f54bf92fb525eb65e49fa4027c7dee13f80 0.9s done
build-and-deploy	Build staging image	2026-02-13T13:22:14.5398495Z #5 DONE 1.5s
build-and-deploy	Build staging image	2026-02-13T13:22:14.7252678Z 
build-and-deploy	Build staging image	2026-02-13T13:22:14.7253723Z #5 [base 1/3] FROM docker.io/library/node:20-alpine@sha256:09e2b3d9726018aecf269bd35325f46bf75046a643a66d28360ec71132750ec8
build-and-deploy	Build staging image	2026-02-13T13:22:14.7255318Z #5 extracting sha256:eb87f4721c91769ed5206f34a9ab6ec98fc1d5235c12c2fc956665b1155e9ecb 0.0s done
build-and-deploy	Build staging image	2026-02-13T13:22:14.7256436Z #5 extracting sha256:e31b2016552274339ed88ed4a438d78bf37e0f6bdf328d02207b2a598c1ef86d done
build-and-deploy	Build staging image	2026-02-13T13:22:14.7257206Z #5 DONE 1.5s
build-and-deploy	Build staging image	2026-02-13T13:22:14.7257411Z 
build-and-deploy	Build staging image	2026-02-13T13:22:14.7258309Z #7 [base 2/3] RUN apk add --no-cache   libc6-compat   openssl   docker-cli   docker-cli-compose   chromium   nss   freetype   harfbuzz   ca-certificates   ttf-freefont
build-and-deploy	Build staging image	2026-02-13T13:22:15.0728468Z #7 0.498 (  1/194) Installing ca-certificates (20251003-r0)
build-and-deploy	Build staging image	2026-02-13T13:22:15.1937427Z #7 0.526 (  2/194) Installing libxau (1.0.12-r0)
build-and-deploy	Build staging image	2026-02-13T13:22:15.1938264Z #7 0.535 (  3/194) Installing libmd (1.1.0-r0)
build-and-deploy	Build staging image	2026-02-13T13:22:15.1938803Z #7 0.546 (  4/194) Installing libbsd (0.12.2-r0)
build-and-deploy	Build staging image	2026-02-13T13:22:15.1939582Z #7 0.555 (  5/194) Installing libxdmcp (1.1.5-r1)
build-and-deploy	Build staging image	2026-02-13T13:22:15.1940031Z #7 0.564 (  6/194) Installing libxcb (1.17.0-r1)
build-and-deploy	Build staging image	2026-02-13T13:22:15.1940464Z #7 0.581 (  7/194) Installing libx11 (1.8.12-r1)
build-and-deploy	Build staging image	2026-02-13T13:22:15.1940889Z #7 0.619 (  8/194) Installing libxext (1.3.6-r2)
build-and-deploy	Build staging image	2026-02-13T13:22:15.2951867Z #7 0.631 (  9/194) Installing hwdata-pci (0.401-r0)
build-and-deploy	Build staging image	2026-02-13T13:22:15.2952752Z #7 0.648 ( 10/194) Installing libpciaccess (0.18.1-r1)
build-and-deploy	Build staging image	2026-02-13T13:22:15.2953256Z #7 0.656 ( 11/194) Installing libdrm (2.4.131-r0)
build-and-deploy	Build staging image	2026-02-13T13:22:15.2953790Z #7 0.674 ( 12/194) Installing chromium-angle (144.0.7559.132-r0)
build-and-deploy	Build staging image	2026-02-13T13:22:15.2954533Z #7 0.720 ( 13/194) Installing chromium-common (144.0.7559.132-r0)
build-and-deploy	Build staging image	2026-02-13T13:22:15.4047490Z #7 0.737 ( 14/194) Installing libexpat (2.7.4-r0)
build-and-deploy	Build staging image	2026-02-13T13:22:15.4048705Z #7 0.747 ( 15/194) Installing brotli-libs (1.2.0-r0)
build-and-deploy	Build staging image	2026-02-13T13:22:15.4049792Z #7 0.761 ( 16/194) Installing libbz2 (1.0.8-r6)
build-and-deploy	Build staging image	2026-02-13T13:22:15.4050854Z #7 0.770 ( 17/194) Installing libpng (1.6.54-r0)
build-and-deploy	Build staging image	2026-02-13T13:22:15.4051908Z #7 0.781 ( 18/194) Installing freetype (2.14.1-r0)
build-and-deploy	Build staging image	2026-02-13T13:22:15.4052886Z #7 0.800 ( 19/194) Installing fontconfig (2.17.1-r0)
build-and-deploy	Build staging image	2026-02-13T13:22:15.4053548Z #7 0.819 ( 20/194) Installing libfontenc (1.1.8-r0)
build-and-deploy	Build staging image	2026-02-13T13:22:15.4054830Z #7 0.830 ( 21/194) Installing mkfontscale (1.2.3-r1)
build-and-deploy	Build staging image	2026-02-13T13:22:15.5054725Z #7 0.839 ( 22/194) Installing font-opensans (0_git20210927-r1)
build-and-deploy	Build staging image	2026-02-13T13:22:15.5055702Z #7 0.871 ( 23/194) Installing libffi (3.5.2-r0)
build-and-deploy	Build staging image	2026-02-13T13:22:15.5056630Z #7 0.879 ( 24/194) Installing libintl (0.24.1-r1)
build-and-deploy	Build staging image	2026-02-13T13:22:15.5057260Z #7 0.888 ( 25/194) Installing libeconf (0.8.3-r0)
build-and-deploy	Build staging image	2026-02-13T13:22:15.5057884Z #7 0.897 ( 26/194) Installing libblkid (2.41.2-r0)
build-and-deploy	Build staging image	2026-02-13T13:22:15.5058517Z #7 0.906 ( 27/194) Installing libmount (2.41.2-r0)
build-and-deploy	Build staging image	2026-02-13T13:22:15.5059141Z #7 0.917 ( 28/194) Installing pcre2 (10.47-r0)
build-and-deploy	Build staging image	2026-02-13T13:22:15.5059748Z #7 0.931 ( 29/194) Installing glib (2.86.3-r0)
build-and-deploy	Build staging image	2026-02-13T13:22:15.6063182Z #7 0.971 ( 30/194) Installing gobject-introspection (1.86.0-r0)
build-and-deploy	Build staging image	2026-02-13T13:22:15.6084239Z #7 0.983 ( 31/194) Installing pkgconf (2.5.1-r0)
build-and-deploy	Build staging image	2026-02-13T13:22:15.6084943Z #7 0.992 ( 32/194) Installing hicolor-icon-theme (0.18-r0)
build-and-deploy	Build staging image	2026-02-13T13:22:15.6085437Z #7 1.031 ( 33/194) Installing xz-libs (5.8.2-r0)
build-and-deploy	Build staging image	2026-02-13T13:22:15.7158082Z #7 1.042 ( 34/194) Installing libxml2 (2.13.9-r0)
build-and-deploy	Build staging image	2026-02-13T13:22:15.7158697Z #7 1.058 ( 35/194) Installing shared-mime-info (2.4-r6)
build-and-deploy	Build staging image	2026-02-13T13:22:15.7159221Z #7 1.078 ( 36/194) Installing libjpeg-turbo (3.1.2-r0)
build-and-deploy	Build staging image	2026-02-13T13:22:15.7159727Z #7 1.090 ( 37/194) Installing libsharpyuv (1.6.0-r0)
build-and-deploy	Build staging image	2026-02-13T13:22:15.7160201Z #7 1.100 ( 38/194) Installing libwebp (1.6.0-r0)
build-and-deploy	Build staging image	2026-02-13T13:22:15.7160663Z #7 1.115 ( 39/194) Installing zstd-libs (1.5.7-r2)
build-and-deploy	Build staging image	2026-02-13T13:22:15.7161114Z #7 1.129 ( 40/194) Installing tiff (4.7.1-r0)
build-and-deploy	Build staging image	2026-02-13T13:22:15.7161593Z #7 1.141 ( 41/194) Installing gdk-pixbuf (2.44.4-r0)
build-and-deploy	Build staging image	2026-02-13T13:22:15.8191690Z #7 1.155 ( 42/194) Installing gtk-update-icon-cache (3.24.51-r0)
build-and-deploy	Build staging image	2026-02-13T13:22:15.8192541Z #7 1.163 ( 43/194) Installing libxcomposite (0.4.6-r5)
build-and-deploy	Build staging image	2026-02-13T13:22:15.8193008Z #7 1.173 ( 44/194) Installing libxfixes (6.0.2-r0)
build-and-deploy	Build staging image	2026-02-13T13:22:15.8193456Z #7 1.182 ( 45/194) Installing libxrender (0.9.12-r0)
build-and-deploy	Build staging image	2026-02-13T13:22:15.8193900Z #7 1.190 ( 46/194) Installing libxcursor (1.2.3-r0)
build-and-deploy	Build staging image	2026-02-13T13:22:15.8194580Z #7 1.200 ( 47/194) Installing libxdamage (1.1.6-r5)
build-and-deploy	Build staging image	2026-02-13T13:22:15.8195023Z #7 1.209 ( 48/194) Installing libxi (1.8.2-r0)
build-and-deploy	Build staging image	2026-02-13T13:22:15.8195475Z #7 1.218 ( 49/194) Installing libxinerama (1.1.5-r4)
build-and-deploy	Build staging image	2026-02-13T13:22:15.8195913Z #7 1.226 ( 50/194) Installing libxrandr (1.5.4-r1)
build-and-deploy	Build staging image	2026-02-13T13:22:15.8196348Z #7 1.234 ( 51/194) Installing libatk-1.0 (2.58.3-r0)
build-and-deploy	Build staging image	2026-02-13T13:22:15.8196797Z #7 1.244 ( 52/194) Installing dbus-libs (1.16.2-r1)
build-and-deploy	Build staging image	2026-02-13T13:22:15.9286404Z #7 1.256 ( 53/194) Installing at-spi2-core-libs (2.58.3-r0)
build-and-deploy	Build staging image	2026-02-13T13:22:15.9287194Z #7 1.266 ( 54/194) Installing gdbm (1.26-r0)
build-and-deploy	Build staging image	2026-02-13T13:22:15.9288009Z #7 1.284 ( 55/194) Installing mpdecimal (4.0.1-r0)
build-and-deploy	Build staging image	2026-02-13T13:22:15.9288492Z #7 1.293 ( 56/194) Installing ncurses-terminfo-base (6.5_p20251123-r0)
build-and-deploy	Build staging image	2026-02-13T13:22:15.9289000Z #7 1.305 ( 57/194) Installing libncursesw (6.5_p20251123-r0)
build-and-deploy	Build staging image	2026-02-13T13:22:15.9289456Z #7 1.316 ( 58/194) Installing libpanelw (6.5_p20251123-r0)
build-and-deploy	Build staging image	2026-02-13T13:22:15.9289892Z #7 1.324 ( 59/194) Installing readline (8.3.1-r0)
build-and-deploy	Build staging image	2026-02-13T13:22:15.9290304Z #7 1.334 ( 60/194) Installing sqlite-libs (3.51.2-r0)
build-and-deploy	Build staging image	2026-02-13T13:22:15.9290744Z #7 1.354 ( 61/194) Installing python3 (3.12.12-r0)
build-and-deploy	Build staging image	2026-02-13T13:22:16.1068705Z #7 1.532 ( 62/194) Installing python3-pycache-pyc0 (3.12.12-r0)
build-and-deploy	Build staging image	2026-02-13T13:22:16.2268054Z #7 1.652 ( 63/194) Installing pyc (3.12.12-r0)
build-and-deploy	Build staging image	2026-02-13T13:22:16.2269187Z #7 1.652 ( 64/194) Installing python3-pyc (3.12.12-r0)
build-and-deploy	Build staging image	2026-02-13T13:22:16.2269847Z #7 1.652 ( 65/194) Installing libxtst (1.2.5-r0)
build-and-deploy	Build staging image	2026-02-13T13:22:16.3391086Z #7 1.662 ( 66/194) Installing at-spi2-core (2.58.3-r0)
build-and-deploy	Build staging image	2026-02-13T13:22:16.3391961Z #7 1.673 ( 67/194) Installing libatk-bridge-2.0 (2.58.3-r0)
build-and-deploy	Build staging image	2026-02-13T13:22:16.3392441Z #7 1.685 ( 68/194) Installing pixman (0.46.4-r0)
build-and-deploy	Build staging image	2026-02-13T13:22:16.3392878Z #7 1.697 ( 69/194) Installing cairo (1.18.4-r0)
build-and-deploy	Build staging image	2026-02-13T13:22:16.3393320Z #7 1.714 ( 70/194) Installing cairo-gobject (1.18.4-r0)
build-and-deploy	Build staging image	2026-02-13T13:22:16.3393761Z #7 1.723 ( 71/194) Installing avahi-libs (0.8-r23)
build-and-deploy	Build staging image	2026-02-13T13:22:16.3394337Z #7 1.733 ( 72/194) Installing gmp (6.3.0-r4)
build-and-deploy	Build staging image	2026-02-13T13:22:16.3394760Z #7 1.751 ( 73/194) Installing nettle (3.10.2-r0)
build-and-deploy	Build staging image	2026-02-13T13:22:16.3395459Z #7 1.764 ( 74/194) Installing libunistring (1.4.1-r0)
build-and-deploy	Build staging image	2026-02-13T13:22:16.4396083Z #7 1.782 ( 75/194) Installing libidn2 (2.3.8-r0)
build-and-deploy	Build staging image	2026-02-13T13:22:16.4396896Z #7 1.792 ( 76/194) Installing libtasn1 (4.21.0-r0)
build-and-deploy	Build staging image	2026-02-13T13:22:16.4397513Z #7 1.801 ( 77/194) Installing p11-kit (0.25.5-r2)
build-and-deploy	Build staging image	2026-02-13T13:22:16.4397936Z #7 1.817 ( 78/194) Installing gnutls (3.8.11-r0)
build-and-deploy	Build staging image	2026-02-13T13:22:16.4398357Z #7 1.838 ( 79/194) Installing cups-libs (2.4.16-r0)
build-and-deploy	Build staging image	2026-02-13T13:22:16.4398835Z #7 1.851 ( 80/194) Installing libepoxy (1.5.10-r1)
build-and-deploy	Build staging image	2026-02-13T13:22:16.4399249Z #7 1.865 ( 81/194) Installing fribidi (1.0.16-r2)
build-and-deploy	Build staging image	2026-02-13T13:22:16.5764377Z #7 1.875 ( 82/194) Installing graphite2 (1.3.14-r6)
build-and-deploy	Build staging image	2026-02-13T13:22:16.5764930Z #7 1.884 ( 83/194) Installing harfbuzz (12.2.0-r0)
build-and-deploy	Build staging image	2026-02-13T13:22:16.5765361Z #7 1.903 ( 84/194) Installing libxft (2.3.9-r0)
build-and-deploy	Build staging image	2026-02-13T13:22:16.5765797Z #7 1.912 ( 85/194) Installing pango (1.56.4-r0)
build-and-deploy	Build staging image	2026-02-13T13:22:16.5766269Z #7 1.926 ( 86/194) Installing wayland-libs-client (1.24.0-r0)
build-and-deploy	Build staging image	2026-02-13T13:22:16.5766802Z #7 1.938 ( 87/194) Installing wayland-libs-cursor (1.24.0-r0)
build-and-deploy	Build staging image	2026-02-13T13:22:16.5767291Z #7 1.947 ( 88/194) Installing wayland-libs-egl (1.24.0-r0)
build-and-deploy	Build staging image	2026-02-13T13:22:16.5767763Z #7 1.956 ( 89/194) Installing xkeyboard-config (2.46-r0)
build-and-deploy	Build staging image	2026-02-13T13:22:16.5768215Z #7 2.002 ( 90/194) Installing libxkbcommon (1.12.2-r0)
build-and-deploy	Build staging image	2026-02-13T13:22:16.8076847Z #7 2.016 ( 91/194) Installing gtk+3.0 (3.24.51-r0)
build-and-deploy	Build staging image	2026-02-13T13:22:16.8077934Z #7 2.082 ( 92/194) Installing icu-data-full (76.1-r1)
build-and-deploy	Build staging image	2026-02-13T13:22:16.8410773Z #7 2.266 ( 93/194) Installing llvm21-libs (21.1.2-r1)
build-and-deploy	Build staging image	2026-02-13T13:22:17.7186040Z #7 3.144 ( 94/194) Installing spirv-tools (1.4.321.0-r1)
build-and-deploy	Build staging image	2026-02-13T13:22:17.9242263Z #7 3.181 ( 95/194) Installing libelf (0.194-r0)
build-and-deploy	Build staging image	2026-02-13T13:22:17.9243185Z #7 3.190 ( 96/194) Installing libxshmfence (1.3.3-r0)
build-and-deploy	Build staging image	2026-02-13T13:22:17.9243924Z #7 3.199 ( 97/194) Installing mesa (25.2.7-r1)
build-and-deploy	Build staging image	2026-02-13T13:22:17.9727969Z #7 3.398 ( 98/194) Installing mesa-gbm (25.2.7-r1)
build-and-deploy	Build staging image	2026-02-13T13:22:18.0803622Z #7 3.406 ( 99/194) Installing mesa-dri-gallium (25.2.7-r1)
build-and-deploy	Build staging image	2026-02-13T13:22:18.0804956Z #7 3.416 (100/194) Installing eudev-libs (3.2.14-r6)
build-and-deploy	Build staging image	2026-02-13T13:22:18.0805636Z #7 3.425 (101/194) Installing libmagic (5.46-r2)
build-and-deploy	Build staging image	2026-02-13T13:22:18.0806248Z #7 3.460 (102/194) Installing file (5.46-r2)
build-and-deploy	Build staging image	2026-02-13T13:22:18.0806834Z #7 3.469 (103/194) Installing xprop (1.2.8-r0)
build-and-deploy	Build staging image	2026-02-13T13:22:18.0807443Z #7 3.478 (104/194) Installing libice (1.1.2-r0)
build-and-deploy	Build staging image	2026-02-13T13:22:18.0808185Z #7 3.487 (105/194) Installing libuuid (2.41.2-r0)
build-and-deploy	Build staging image	2026-02-13T13:22:18.0808623Z #7 3.496 (106/194) Installing libsm (1.2.6-r0)
build-and-deploy	Build staging image	2026-02-13T13:22:18.0809038Z #7 3.506 (107/194) Installing libxt (1.3.1-r0)
build-and-deploy	Build staging image	2026-02-13T13:22:18.2223785Z #7 3.517 (108/194) Installing libxmu (1.2.1-r0)
build-and-deploy	Build staging image	2026-02-13T13:22:18.2230056Z #7 3.527 (109/194) Installing xset (1.2.5-r1)
build-and-deploy	Build staging image	2026-02-13T13:22:18.2231038Z #7 3.535 (110/194) Installing xdg-utils (1.2.1-r1)
build-and-deploy	Build staging image	2026-02-13T13:22:18.2232044Z #7 3.546 (111/194) Installing libogg (1.3.6-r0)
build-and-deploy	Build staging image	2026-02-13T13:22:18.2233064Z #7 3.556 (112/194) Installing libflac (1.4.3-r2)
build-and-deploy	Build staging image	2026-02-13T13:22:18.2234259Z #7 3.573 (113/194) Installing alsa-lib (1.2.14-r2)
build-and-deploy	Build staging image	2026-02-13T13:22:18.2235161Z #7 3.596 (114/194) Installing libSvtAv1Enc (3.1.2-r0)
build-and-deploy	Build staging image	2026-02-13T13:22:18.2236180Z #7 3.647 (115/194) Installing aom-libs (3.13.1-r1)
build-and-deploy	Build staging image	2026-02-13T13:22:18.3247062Z #7 3.698 (116/194) Installing libva (2.22.0-r1)
build-and-deploy	Build staging image	2026-02-13T13:22:18.3248140Z #7 3.709 (117/194) Installing libvdpau (1.5-r4)
build-and-deploy	Build staging image	2026-02-13T13:22:18.3248820Z #7 3.718 (118/194) Installing libvpl (2.15.0-r1)
build-and-deploy	Build staging image	2026-02-13T13:22:18.3249512Z #7 3.730 (119/194) Installing ffmpeg-libavutil (8.0.1-r1)
build-and-deploy	Build staging image	2026-02-13T13:22:18.3250207Z #7 3.750 (120/194) Installing libdav1d (1.5.2-r0)
build-and-deploy	Build staging image	2026-02-13T13:22:18.4368123Z #7 3.770 (121/194) Installing libhwy (1.3.0-r0)
build-and-deploy	Build staging image	2026-02-13T13:22:18.4368799Z #7 3.788 (122/194) Installing lcms2 (2.17-r0)
build-and-deploy	Build staging image	2026-02-13T13:22:18.4369363Z #7 3.799 (123/194) Installing libjxl (0.11.1-r3)
build-and-deploy	Build staging image	2026-02-13T13:22:18.4369948Z #7 3.835 (124/194) Installing lame-libs (3.100-r5)
build-and-deploy	Build staging image	2026-02-13T13:22:18.4370869Z #7 3.849 (125/194) Installing opus (1.5.2-r1)
build-and-deploy	Build staging image	2026-02-13T13:22:18.4371448Z #7 3.862 (126/194) Installing rav1e-libs (0.8.1-r0)
build-and-deploy	Build staging image	2026-02-13T13:22:18.5516297Z #7 3.884 (127/194) Installing glslang-libs (1.4.321.0-r0)
build-and-deploy	Build staging image	2026-02-13T13:22:18.5517390Z #7 3.906 (128/194) Installing shaderc (2025.3-r0)
build-and-deploy	Build staging image	2026-02-13T13:22:18.5518328Z #7 3.916 (129/194) Installing libgomp (15.2.0-r2)
build-and-deploy	Build staging image	2026-02-13T13:22:18.5519219Z #7 3.927 (130/194) Installing soxr (0.1.3-r7)
build-and-deploy	Build staging image	2026-02-13T13:22:18.5520229Z #7 3.937 (131/194) Installing ffmpeg-libswresample (8.0.1-r1)
build-and-deploy	Build staging image	2026-02-13T13:22:18.5521023Z #7 3.947 (132/194) Installing libtheora (1.2.0-r0)
build-and-deploy	Build staging image	2026-02-13T13:22:18.5521600Z #7 3.962 (133/194) Installing libvorbis (1.3.7-r2)
build-and-deploy	Build staging image	2026-02-13T13:22:18.5522157Z #7 3.977 (134/194) Installing libvpx (1.15.2-r1)
build-and-deploy	Build staging image	2026-02-13T13:22:18.7041152Z #7 4.004 (135/194) Installing libwebpmux (1.6.0-r0)
build-and-deploy	Build staging image	2026-02-13T13:22:18.7042222Z #7 4.013 (136/194) Installing x264-libs (0.164.3108-r1)
build-and-deploy	Build staging image	2026-02-13T13:22:18.7042892Z #7 4.036 (137/194) Installing numactl (2.0.18-r0)
build-and-deploy	Build staging image	2026-02-13T13:22:18.7043549Z #7 4.045 (138/194) Installing x265-libs (4.1-r0)
build-and-deploy	Build staging image	2026-02-13T13:22:18.7044426Z #7 4.129 (139/194) Installing xvidcore (1.3.7-r2)
build-and-deploy	Build staging image	2026-02-13T13:22:18.8390909Z #7 4.140 (140/194) Installing ffmpeg-libavcodec (8.0.1-r1)
build-and-deploy	Build staging image	2026-02-13T13:22:18.8391584Z #7 4.264 (141/194) Installing libudfread (1.2.0-r0)
build-and-deploy	Build staging image	2026-02-13T13:22:18.9490746Z #7 4.273 (142/194) Installing libbluray (1.4.0-r0)
build-and-deploy	Build staging image	2026-02-13T13:22:18.9491278Z #7 4.284 (143/194) Installing mpg123-libs (1.33.3-r0)
build-and-deploy	Build staging image	2026-02-13T13:22:18.9491728Z #7 4.296 (144/194) Installing libopenmpt (0.8.3-r0)
build-and-deploy	Build staging image	2026-02-13T13:22:18.9492131Z #7 4.314 (145/194) Installing cjson (1.7.19-r1)
build-and-deploy	Build staging image	2026-02-13T13:22:18.9492513Z #7 4.322 (146/194) Installing mbedtls (3.6.5-r0)
build-and-deploy	Build staging image	2026-02-13T13:22:18.9492896Z #7 4.338 (147/194) Installing librist (0.2.10-r1)
build-and-deploy	Build staging image	2026-02-13T13:22:18.9493284Z #7 4.348 (148/194) Installing libsrt (1.5.3-r1)
build-and-deploy	Build staging image	2026-02-13T13:22:18.9493660Z #7 4.363 (149/194) Installing libssh (0.11.3-r0)
build-and-deploy	Build staging image	2026-02-13T13:22:18.9494276Z #7 4.374 (150/194) Installing libsodium (1.0.20-r1)
build-and-deploy	Build staging image	2026-02-13T13:22:19.0582727Z #7 4.385 (151/194) Installing libzmq (4.3.5-r2)
build-and-deploy	Build staging image	2026-02-13T13:22:19.0583343Z #7 4.397 (152/194) Installing ffmpeg-libavformat (8.0.1-r1)
build-and-deploy	Build staging image	2026-02-13T13:22:19.0583845Z #7 4.426 (153/194) Installing crc32c (1.1.2-r3)
build-and-deploy	Build staging image	2026-02-13T13:22:19.0584577Z #7 4.435 (154/194) Installing double-conversion (3.3.1-r0)
build-and-deploy	Build staging image	2026-02-13T13:22:19.0585124Z #7 4.444 (155/194) Installing harfbuzz-subset (12.2.0-r0)
build-and-deploy	Build staging image	2026-02-13T13:22:19.0585900Z #7 4.462 (156/194) Installing minizip (1.3.1-r0)
build-and-deploy	Build staging image	2026-02-13T13:22:19.0586330Z #7 4.472 (157/194) Installing nspr (4.36-r0)
build-and-deploy	Build staging image	2026-02-13T13:22:19.0586723Z #7 4.483 (158/194) Installing nss (3.118.1-r0)
build-and-deploy	Build staging image	2026-02-13T13:22:19.1667300Z #7 4.519 (159/194) Installing openh264 (2.6.0-r0)
build-and-deploy	Build staging image	2026-02-13T13:22:19.1668172Z #7 4.540 (160/194) Installing libcamera-ipa (0.6.0-r0)
build-and-deploy	Build staging image	2026-02-13T13:22:19.1668852Z #7 4.551 (161/194) Installing libunwind (1.8.1-r0)
build-and-deploy	Build staging image	2026-02-13T13:22:19.1669477Z #7 4.562 (162/194) Installing yaml (0.2.5-r2)
build-and-deploy	Build staging image	2026-02-13T13:22:19.1670113Z #7 4.572 (163/194) Installing libcamera (0.6.0-r0)
build-and-deploy	Build staging image	2026-02-13T13:22:19.1670747Z #7 4.592 (164/194) Installing serd-libs (0.32.4-r0)
build-and-deploy	Build staging image	2026-02-13T13:22:19.2687882Z #7 4.601 (165/194) Installing zix-libs (0.6.2-r0)
build-and-deploy	Build staging image	2026-02-13T13:22:19.2688628Z #7 4.610 (166/194) Installing sord-libs (0.16.18-r0)
build-and-deploy	Build staging image	2026-02-13T13:22:19.2689307Z #7 4.619 (167/194) Installing sratom (0.6.18-r0)
build-and-deploy	Build staging image	2026-02-13T13:22:19.2689872Z #7 4.627 (168/194) Installing lilv-libs (0.24.26-r0)
build-and-deploy	Build staging image	2026-02-13T13:22:19.2690456Z #7 4.636 (169/194) Installing speexdsp (1.2.1-r2)
build-and-deploy	Build staging image	2026-02-13T13:22:19.2691001Z #7 4.646 (170/194) Installing libuv (1.51.0-r0)
build-and-deploy	Build staging image	2026-02-13T13:22:19.2691577Z #7 4.656 (171/194) Installing roc-toolkit-libs (0.4.0-r1)
build-and-deploy	Build staging image	2026-02-13T13:22:19.2692170Z #7 4.673 (172/194) Installing libsndfile (1.2.2-r2)
build-and-deploy	Build staging image	2026-02-13T13:22:19.2692887Z #7 4.694 (173/194) Installing abseil-cpp-raw-logging-internal (20250814.1-r0)
build-and-deploy	Build staging image	2026-02-13T13:22:19.3757100Z #7 4.702 (174/194) Installing abseil-cpp-strings-internal (20250814.1-r0)
build-and-deploy	Build staging image	2026-02-13T13:22:19.3758064Z #7 4.712 (175/194) Installing abseil-cpp-strings (20250814.1-r0)
build-and-deploy	Build staging image	2026-02-13T13:22:19.3759157Z #7 4.721 (176/194) Installing webrtc-audio-processing-2 (2.1-r1)
build-and-deploy	Build staging image	2026-02-13T13:22:19.3759912Z #7 4.735 (177/194) Installing pipewire-libs (1.4.9-r5)
build-and-deploy	Build staging image	2026-02-13T13:22:19.3760574Z #7 4.791 (178/194) Installing libasyncns (0.8-r4)
build-and-deploy	Build staging image	2026-02-13T13:22:19.3761197Z #7 4.801 (179/194) Installing libltdl (2.5.4-r2)
build-and-deploy	Build staging image	2026-02-13T13:22:19.6134824Z #7 4.810 (180/194) Installing orc (0.4.41-r0)
build-and-deploy	Build staging image	2026-02-13T13:22:19.6135588Z #7 4.825 (181/194) Installing tdb-libs (1.4.14-r0)
build-and-deploy	Build staging image	2026-02-13T13:22:19.6136265Z #7 4.834 (182/194) Installing libpulse (17.0-r5)
build-and-deploy	Build staging image	2026-02-13T13:22:19.6136905Z #7 4.853 (183/194) Installing simdutf (7.5.0-r1)
build-and-deploy	Build staging image	2026-02-13T13:22:19.6137555Z #7 4.867 (184/194) Installing libwebpdemux (1.6.0-r0)
build-and-deploy	Build staging image	2026-02-13T13:22:19.6138208Z #7 4.876 (185/194) Installing libxslt (1.1.43-r3)
build-and-deploy	Build staging image	2026-02-13T13:22:19.6138864Z #7 4.888 (186/194) Installing chromium (144.0.7559.132-r0)
build-and-deploy	Build staging image	2026-02-13T13:22:20.9248945Z #7 6.350 (187/194) Installing docker-cli (29.1.3-r2)
build-and-deploy	Build staging image	2026-02-13T13:22:21.0725856Z #7 6.498 (188/194) Installing docker-cli-compose (2.40.3-r3)
build-and-deploy	Build staging image	2026-02-13T13:22:21.3830942Z #7 6.808 (189/194) Installing musl-obstack (1.2.3-r2)
build-and-deploy	Build staging image	2026-02-13T13:22:21.4988829Z #7 6.816 (190/194) Installing libucontext (1.3.3-r0)
build-and-deploy	Build staging image	2026-02-13T13:22:21.4989547Z #7 6.824 (191/194) Installing gcompat (1.1.0-r4)
build-and-deploy	Build staging image	2026-02-13T13:22:21.4990099Z #7 6.835 (192/194) Installing openssl (3.5.5-r0)
build-and-deploy	Build staging image	2026-02-13T13:22:21.4990656Z #7 6.849 (193/194) Installing encodings (1.1.0-r0)
build-and-deploy	Build staging image	2026-02-13T13:22:21.4991274Z #7 6.870 (194/194) Installing font-freefont (20120503-r4)
build-and-deploy	Build staging image	2026-02-13T13:22:21.4991904Z #7 6.924 Executing busybox-1.37.0-r30.trigger
build-and-deploy	Build staging image	2026-02-13T13:22:21.6414160Z #7 6.931 Executing ca-certificates-20251003-r0.trigger
build-and-deploy	Build staging image	2026-02-13T13:22:21.6415280Z #7 6.975 Executing fontconfig-2.17.1-r0.trigger
build-and-deploy	Build staging image	2026-02-13T13:22:21.6416222Z #7 7.013 Executing mkfontscale-1.2.3-r1.trigger
build-and-deploy	Build staging image	2026-02-13T13:22:21.6417098Z #7 7.067 Executing glib-2.86.3-r0.trigger
build-and-deploy	Build staging image	2026-02-13T13:22:21.7991948Z #7 7.074 Executing shared-mime-info-2.4-r6.trigger
build-and-deploy	Build staging image	2026-02-13T13:22:22.0640850Z #7 7.489 Executing gdk-pixbuf-2.44.4-r0.trigger
build-and-deploy	Build staging image	2026-02-13T13:22:22.2697719Z #7 7.499 Executing gtk-update-icon-cache-3.24.51-r0.trigger
build-and-deploy	Build staging image	2026-02-13T13:22:22.2699090Z #7 7.526 Executing gtk+3.0-3.24.51-r0.trigger
build-and-deploy	Build staging image	2026-02-13T13:22:22.2700156Z #7 7.545 OK: 838.1 MiB in 212 packages
build-and-deploy	Build staging image	2026-02-13T13:22:23.9732644Z #7 DONE 9.4s
build-and-deploy	Build staging image	2026-02-13T13:22:24.1242154Z 
build-and-deploy	Build staging image	2026-02-13T13:22:24.1243009Z #8 [base 3/3] RUN npm install -g prisma@5.10.2
build-and-deploy	Build staging image	2026-02-13T13:22:28.9436364Z #8 4.970 
build-and-deploy	Build staging image	2026-02-13T13:22:28.9437113Z #8 4.970 added 6 packages in 5s
build-and-deploy	Build staging image	2026-02-13T13:22:29.0966130Z #8 4.972 npm notice
build-and-deploy	Build staging image	2026-02-13T13:22:29.0967317Z #8 4.972 npm notice New major version of npm available! 10.8.2 -> 11.10.0
build-and-deploy	Build staging image	2026-02-13T13:22:29.0968491Z #8 4.972 npm notice Changelog: https://github.com/npm/cli/releases/tag/v11.10.0
build-and-deploy	Build staging image	2026-02-13T13:22:29.0969540Z #8 4.972 npm notice To update run: npm install -g npm@11.10.0
build-and-deploy	Build staging image	2026-02-13T13:22:29.0970286Z #8 4.972 npm notice
build-and-deploy	Build staging image	2026-02-13T13:22:29.1289092Z #8 DONE 5.2s
build-and-deploy	Build staging image	2026-02-13T13:22:29.3561826Z 
build-and-deploy	Build staging image	2026-02-13T13:22:29.3562585Z #9 [deps 1/3] WORKDIR /app
build-and-deploy	Build staging image	2026-02-13T13:22:29.3563413Z #9 DONE 0.0s
build-and-deploy	Build staging image	2026-02-13T13:22:29.3564423Z 
build-and-deploy	Build staging image	2026-02-13T13:22:29.3569758Z #10 [deps 2/3] COPY package.json package-lock.json* ./
build-and-deploy	Build staging image	2026-02-13T13:22:29.3571574Z #10 DONE 0.0s
build-and-deploy	Build staging image	2026-02-13T13:22:29.3572398Z 
build-and-deploy	Build staging image	2026-02-13T13:22:29.3573121Z #11 [deps 3/3] RUN rm -f package-lock.json && npm install --legacy-peer-deps
build-and-deploy	Build staging image	2026-02-13T13:22:29.3991088Z #11 ...
build-and-deploy	Build staging image	2026-02-13T13:22:29.3991949Z 
build-and-deploy	Build staging image	2026-02-13T13:22:29.3993096Z #12 [runner  2/12] RUN addgroup --system --gid 1001 nodejs
build-and-deploy	Build staging image	2026-02-13T13:22:29.3993888Z #12 DONE 0.2s
build-and-deploy	Build staging image	2026-02-13T13:22:29.5542158Z 
build-and-deploy	Build staging image	2026-02-13T13:22:29.5542882Z #13 [builder 2/6] COPY . .
build-and-deploy	Build staging image	2026-02-13T13:22:29.5543457Z #13 DONE 0.2s
build-and-deploy	Build staging image	2026-02-13T13:22:29.5544707Z 
build-and-deploy	Build staging image	2026-02-13T13:22:29.5545005Z #14 [builder 3/6] RUN rm -rf node_modules
build-and-deploy	Build staging image	2026-02-13T13:22:29.6269658Z #14 ...
build-and-deploy	Build staging image	2026-02-13T13:22:29.6270031Z 
build-and-deploy	Build staging image	2026-02-13T13:22:29.6270401Z #15 [runner  3/12] RUN adduser --system --uid 1001 nextjs
build-and-deploy	Build staging image	2026-02-13T13:22:29.6271518Z #15 DONE 0.2s
build-and-deploy	Build staging image	2026-02-13T13:22:29.8021146Z 
build-and-deploy	Build staging image	2026-02-13T13:22:29.8021963Z #14 [builder 3/6] RUN rm -rf node_modules
build-and-deploy	Build staging image	2026-02-13T13:22:29.8023075Z #14 DONE 0.2s
build-and-deploy	Build staging image	2026-02-13T13:22:29.8023564Z 
build-and-deploy	Build staging image	2026-02-13T13:22:29.8023908Z #16 [runner  4/12] RUN addgroup nextjs nodejs
build-and-deploy	Build staging image	2026-02-13T13:22:29.8421221Z #16 DONE 0.2s
build-and-deploy	Build staging image	2026-02-13T13:22:29.8421604Z 
build-and-deploy	Build staging image	2026-02-13T13:22:29.8422062Z #11 [deps 3/3] RUN rm -f package-lock.json && npm install --legacy-peer-deps
build-and-deploy	Build staging image	2026-02-13T13:22:30.1634122Z #11 ...
build-and-deploy	Build staging image	2026-02-13T13:22:30.1634555Z 
build-and-deploy	Build staging image	2026-02-13T13:22:30.1635015Z #17 [runner  5/12] RUN addgroup -g 999 docker || ***
build-and-deploy	Build staging image	2026-02-13T13:22:30.1635941Z #17 0.162 addgroup: gid '999' in use
build-and-deploy	Build staging image	2026-02-13T13:22:30.1636675Z #17 DONE 0.2s
build-and-deploy	Build staging image	2026-02-13T13:22:30.1858501Z 
build-and-deploy	Build staging image	2026-02-13T13:22:30.1859540Z #18 [runner  6/12] RUN adduser nextjs docker || ***
build-and-deploy	Build staging image	2026-02-13T13:22:30.1860417Z #18 0.174 addgroup: unknown group docker
build-and-deploy	Build staging image	2026-02-13T13:22:30.3427665Z #18 DONE 0.2s
build-and-deploy	Build staging image	2026-02-13T13:22:30.3427993Z 
build-and-deploy	Build staging image	2026-02-13T13:22:30.3428425Z #11 [deps 3/3] RUN rm -f package-lock.json && npm install --legacy-peer-deps
build-and-deploy	Build staging image	2026-02-13T13:23:08.3891946Z #11 39.18 npm warn deprecated natives@1.1.6: This module relies on Node.js's internals and will break at some point. Do not use it, and update to graceful-fs@4.x.
build-and-deploy	Build staging image	2026-02-13T13:23:08.5610910Z #11 39.36 npm warn deprecated lodash.pick@4.4.0: This package is deprecated. Use destructuring assignment syntax instead.
build-and-deploy	Build staging image	2026-02-13T13:23:08.7027490Z #11 39.50 npm warn deprecated inflight@1.0.6: This module is not supported, and leaks memory. Do not use it. Check out lru-cache if you want a good and tested way to coalesce async requests by a key value, which is much more comprehensive and powerful.
build-and-deploy	Build staging image	2026-02-13T13:23:09.4491761Z #11 40.24 npm warn deprecated source-map-url@0.4.1: See https://github.com/lydell/source-map-url#deprecated
build-and-deploy	Build staging image	2026-02-13T13:23:09.5699628Z #11 40.36 npm warn deprecated resolve-url@0.2.1: https://github.com/lydell/resolve-url#deprecated
build-and-deploy	Build staging image	2026-02-13T13:23:09.7456494Z #11 40.41 npm warn deprecated stable@0.1.8: Modern JS already guarantees Array#sort() is a stable sort, so this library is deprecated. See the compatibility table on MDN: https://developer.mozilla.org/en-US/docs/Web/JavaScript/Reference/Global_Objects/Array/sort#browser_compatibility
build-and-deploy	Build staging image	2026-02-13T13:23:09.7461037Z #11 40.54 npm warn deprecated q@1.5.1: You or someone you depend on is using Q, the JavaScript Promise library that gave JavaScript developers strong feelings about promises. They can almost certainly migrate to the native JavaScript promise now. Thank you literally everyone for joining me in this bet against the odds. Be excellent to each other.
build-and-deploy	Build staging image	2026-02-13T13:23:09.7463919Z #11 40.54 npm warn deprecated
build-and-deploy	Build staging image	2026-02-13T13:23:09.7465027Z #11 40.54 npm warn deprecated (For a CapTP with native promises, see @endo/eventual-send and @endo/captp)
build-and-deploy	Build staging image	2026-02-13T13:23:10.9699274Z #11 41.76 npm warn deprecated lodash.template@3.6.2: This package is deprecated. Use https://socket.dev/npm/package/eta instead.
build-and-deploy	Build staging image	2026-02-13T13:23:11.1183635Z #11 41.79 npm warn deprecated urix@0.1.0: Please see https://github.com/lydell/urix#deprecated
build-and-deploy	Build staging image	2026-02-13T13:23:11.1185776Z #11 41.81 npm warn deprecated source-map-resolve@0.5.3: See https://github.com/lydell/source-map-resolve#deprecated
build-and-deploy	Build staging image	2026-02-13T13:23:11.1187757Z #11 41.85 npm warn deprecated try-resolve@1.0.1: Package no longer supported. Contact Support at https://www.npmjs.com/support for more info.
build-and-deploy	Build staging image	2026-02-13T13:23:11.1190019Z #11 41.91 npm warn deprecated babel-plugin-runtime@1.0.7: Package no longer supported. Contact Support at https://www.npmjs.com/support for more info.
build-and-deploy	Build staging image	2026-02-13T13:23:11.3216453Z #11 41.91 npm warn deprecated babel-plugin-undefined-to-void@1.1.6: Package no longer supported. Contact Support at https://www.npmjs.com/support for more info.
build-and-deploy	Build staging image	2026-02-13T13:23:11.3219985Z #11 41.94 npm warn deprecated babel-plugin-react-display-name@1.0.3: Package no longer supported. Contact Support at https://www.npmjs.com/support for more info.
build-and-deploy	Build staging image	2026-02-13T13:23:11.3222096Z #11 41.94 npm warn deprecated babel-plugin-proto-to-assign@1.0.4: Package no longer supported. Contact Support at https://www.npmjs.com/support for more info.
build-and-deploy	Build staging image	2026-02-13T13:23:11.3224730Z #11 41.96 npm warn deprecated babel-plugin-remove-debugger@1.0.1: Package no longer supported. Contact Support at https://www.npmjs.com/support for more info.
build-and-deploy	Build staging image	2026-02-13T13:23:11.3226973Z #11 41.96 npm warn deprecated babel-plugin-member-expression-literals@1.0.1: Package no longer supported. Contact Support at https://www.npmjs.com/support for more info.
build-and-deploy	Build staging image	2026-02-13T13:23:11.3229375Z #11 41.96 npm warn deprecated babel-plugin-react-constant-elements@1.0.3: Package no longer supported. Contact Support at https://www.npmjs.com/support for more info.
build-and-deploy	Build staging image	2026-02-13T13:23:11.3231454Z #11 41.96 npm warn deprecated babel-plugin-jscript@1.0.4: Package no longer supported. Contact Support at https://www.npmjs.com/support for more info.
build-and-deploy	Build staging image	2026-02-13T13:23:11.3233388Z #11 41.96 npm warn deprecated babel-plugin-property-literals@1.0.1: Package no longer supported. Contact Support at https://www.npmjs.com/support for more info.
build-and-deploy	Build staging image	2026-02-13T13:23:11.3235770Z #11 41.96 npm warn deprecated babel-plugin-inline-environment-variables@1.0.1: Package no longer supported. Contact Support at https://www.npmjs.com/support for more info.
build-and-deploy	Build staging image	2026-02-13T13:23:11.3237913Z #11 41.96 npm warn deprecated babel-plugin-remove-console@1.0.1: Package no longer supported. Contact Support at https://www.npmjs.com/support for more info.
build-and-deploy	Build staging image	2026-02-13T13:23:11.3240023Z #11 41.96 npm warn deprecated babel-plugin-dead-code-elimination@1.0.2: Package no longer supported. Contact Support at https://www.npmjs.com/support for more info.
build-and-deploy	Build staging image	2026-02-13T13:23:11.3242012Z #11 41.98 npm warn deprecated babel-plugin-eval@1.0.1: Package no longer supported. Contact Support at https://www.npmjs.com/support for more info.
build-and-deploy	Build staging image	2026-02-13T13:23:11.3244142Z #11 42.12 npm warn deprecated babel-plugin-constant-folding@1.0.1: Package no longer supported. Contact Support at https://www.npmjs.com/support for more info.
build-and-deploy	Build staging image	2026-02-13T13:23:11.4325144Z #11 42.23 npm warn deprecated gulp-util@3.0.8: gulp-util is deprecated - replace it, following the guidelines at https://medium.com/gulpjs/gulp-util-ca3b1f9f9ac5
build-and-deploy	Build staging image	2026-02-13T13:23:11.6503303Z #11 42.29 npm warn deprecated rimraf@3.0.2: Rimraf versions prior to v4 are no longer supported
build-and-deploy	Build staging image	2026-02-13T13:23:12.1334200Z #11 42.93 npm warn deprecated @humanwhocodes/object-schema@2.0.3: Use @eslint/object-schema instead
build-and-deploy	Build staging image	2026-02-13T13:23:12.3219779Z #11 43.12 npm warn deprecated @humanwhocodes/config-array@0.13.0: Use @eslint/config-array instead
build-and-deploy	Build staging image	2026-02-13T13:23:12.4937098Z #11 43.14 npm warn deprecated lodash.get@4.4.2: This package is deprecated. Use the optional chaining (?.) operator instead.
build-and-deploy	Build staging image	2026-02-13T13:23:14.0651022Z #11 44.86 npm warn deprecated graceful-fs@1.2.3: please upgrade to graceful-fs 4 for compatibility with current and future versions of Node.js
build-and-deploy	Build staging image	2026-02-13T13:23:14.2120371Z #11 44.89 npm warn deprecated glob@4.5.3: Old versions of glob are not supported, and contain widely publicized security vulnerabilities, which have been fixed in the current version. Please update. Support for old versions may be purchased (at exorbitant rates) by contacting i@izs.me
build-and-deploy	Build staging image	2026-02-13T13:23:14.2123031Z #11 44.92 npm warn deprecated minimatch@2.0.10: Please update to minimatch 3.0.2 or higher to avoid a RegExp DoS issue
build-and-deploy	Build staging image	2026-02-13T13:23:14.2125789Z #11 45.01 npm warn deprecated glob@5.0.15: Old versions of glob are not supported, and contain widely publicized security vulnerabilities, which have been fixed in the current version. Please update. Support for old versions may be purchased (at exorbitant rates) by contacting i@izs.me
build-and-deploy	Build staging image	2026-02-13T13:23:14.3909099Z #11 45.03 npm warn deprecated minimatch@0.2.14: Please update to minimatch 3.0.2 or higher to avoid a RegExp DoS issue
build-and-deploy	Build staging image	2026-02-13T13:23:14.5919036Z #11 45.39 npm warn deprecated glob@3.1.21: Old versions of glob are not supported, and contain widely publicized security vulnerabilities, which have been fixed in the current version. Please update. Support for old versions may be purchased (at exorbitant rates) by contacting i@izs.me
build-and-deploy	Build staging image	2026-02-13T13:23:14.7148064Z #11 45.51 npm warn deprecated minimatch@2.0.10: Please update to minimatch 3.0.2 or higher to avoid a RegExp DoS issue
build-and-deploy	Build staging image	2026-02-13T13:23:14.9234272Z #11 45.57 npm warn deprecated glob@7.2.3: Old versions of glob are not supported, and contain widely publicized security vulnerabilities, which have been fixed in the current version. Please update. Support for old versions may be purchased (at exorbitant rates) by contacting i@izs.me
build-and-deploy	Build staging image	2026-02-13T13:23:14.9629140Z #11 45.76 npm warn deprecated glob@10.3.10: Old versions of glob are not supported, and contain widely publicized security vulnerabilities, which have been fixed in the current version. Please update. Support for old versions may be purchased (at exorbitant rates) by contacting i@izs.me
build-and-deploy	Build staging image	2026-02-13T13:23:18.3689834Z #11 49.16 npm warn deprecated puppeteer@10.4.0: < 24.15.0 is no longer supported
build-and-deploy	Build staging image	2026-02-13T13:23:18.4989940Z #11 49.29 npm warn deprecated eslint@8.57.1: This version is no longer supported. Please see https://eslint.org/version-support for other options.
build-and-deploy	Build staging image	2026-02-13T13:23:18.8625486Z #11 49.66 npm warn deprecated core-js@1.2.7: core-js@<3.23.3 is no longer maintained and not recommended for usage due to the number of issues. Because of the V8 engine whims, feature detection in old core-js versions could cause a slowdown up to 100x even if nothing is polyfilled. Some versions have web compatibility issues. Please, upgrade your dependencies to the actual version of core-js.
build-and-deploy	Build staging image	2026-02-13T13:23:34.6761328Z #11 65.47 npm warn deprecated next@14.1.3: This version has a security vulnerability. Please upgrade to a patched version. See https://nextjs.org/blog/security-update-2025-12-11 for more details.
build-and-deploy	Build staging image	2026-02-13T13:23:41.2208333Z #11 72.02 
build-and-deploy	Build staging image	2026-02-13T13:23:41.2209119Z #11 72.02 added 1265 packages, and audited 1266 packages in 1m
build-and-deploy	Build staging image	2026-02-13T13:23:41.3711856Z #11 72.02 
build-and-deploy	Build staging image	2026-02-13T13:23:41.3712613Z #11 72.02 244 packages are looking for funding
build-and-deploy	Build staging image	2026-02-13T13:23:41.3713448Z #11 72.02   run `npm fund` for details
build-and-deploy	Build staging image	2026-02-13T13:23:41.3957957Z #11 72.19 
build-and-deploy	Build staging image	2026-02-13T13:23:41.3958708Z #11 72.19 42 vulnerabilities (3 low, 3 moderate, 34 high, 2 critical)
build-and-deploy	Build staging image	2026-02-13T13:23:41.3959533Z #11 72.19 
build-and-deploy	Build staging image	2026-02-13T13:23:41.3960133Z #11 72.19 To address issues that do not require attention, run:
build-and-deploy	Build staging image	2026-02-13T13:23:41.3960899Z #11 72.19   npm audit fix
build-and-deploy	Build staging image	2026-02-13T13:23:41.3961410Z #11 72.19 
build-and-deploy	Build staging image	2026-02-13T13:23:41.3962082Z #11 72.19 To address all issues possible (including breaking changes), run:
build-and-deploy	Build staging image	2026-02-13T13:23:41.3963389Z #11 72.19   npm audit fix --force
build-and-deploy	Build staging image	2026-02-13T13:23:41.3964168Z #11 72.19 
build-and-deploy	Build staging image	2026-02-13T13:23:41.3964744Z #11 72.19 Some issues need review, and may require choosing
build-and-deploy	Build staging image	2026-02-13T13:23:41.3965499Z #11 72.19 a different dependency.
build-and-deploy	Build staging image	2026-02-13T13:23:41.3966067Z #11 72.19 
build-and-deploy	Build staging image	2026-02-13T13:23:41.3966529Z #11 72.19 Run `npm audit` for details.
build-and-deploy	Build staging image	2026-02-13T13:23:42.6258275Z #11 DONE 73.4s
build-and-deploy	Build staging image	2026-02-13T13:23:47.8110090Z 
build-and-deploy	Build staging image	2026-02-13T13:23:47.8111366Z #19 [builder 4/6] COPY --from=deps /app/node_modules ./node_modules
build-and-deploy	Build staging image	2026-02-13T13:24:00.0265812Z #19 DONE 12.2s
build-and-deploy	Build staging image	2026-02-13T13:24:00.1774640Z 
build-and-deploy	Build staging image	2026-02-13T13:24:00.1775320Z #20 [builder 5/6] RUN npx prisma@5.10.2 generate
build-and-deploy	Build staging image	2026-02-13T13:24:02.0608249Z #20 2.034 Prisma schema loaded from prisma/schema.prisma
build-and-deploy	Build staging image	2026-02-13T13:24:04.3440138Z #20 4.317 
build-and-deploy	Build staging image	2026-02-13T13:24:04.3441658Z #20 4.317 â Generated Prisma Client (v5.10.2) to ./node_modules/@prisma/client in 975ms
build-and-deploy	Build staging image	2026-02-13T13:24:04.3442760Z #20 4.317 
build-and-deploy	Build staging image	2026-02-13T13:24:04.3443673Z #20 4.317 Start using Prisma Client in Node.js (See: https://pris.ly/d/client)
build-and-deploy	Build staging image	2026-02-13T13:24:04.3445246Z #20 4.317 ```
build-and-deploy	Build staging image	2026-02-13T13:24:04.3446140Z #20 4.317 import { PrismaClient } from '@prisma/client'
build-and-deploy	Build staging image	2026-02-13T13:24:04.3447387Z #20 4.317 const prisma = new PrismaClient()
build-and-deploy	Build staging image	2026-02-13T13:24:04.3448360Z #20 4.317 ```
build-and-deploy	Build staging image	2026-02-13T13:24:04.3449576Z #20 4.317 or start using Prisma Client at the edge (See: https://pris.ly/d/accelerate)
build-and-deploy	Build staging image	2026-02-13T13:24:04.3451242Z #20 4.317 ```
build-and-deploy	Build staging image	2026-02-13T13:24:04.3452336Z #20 4.317 import { PrismaClient } from '@prisma/client/edge'
build-and-deploy	Build staging image	2026-02-13T13:24:04.3454366Z #20 4.317 const prisma = new PrismaClient()
build-and-deploy	Build staging image	2026-02-13T13:24:04.3455200Z #20 4.317 ```
build-and-deploy	Build staging image	2026-02-13T13:24:04.3455731Z #20 4.317 
build-and-deploy	Build staging image	2026-02-13T13:24:04.3456519Z #20 4.317 See other ways of importing Prisma Client: http://pris.ly/d/importing-client
build-and-deploy	Build staging image	2026-02-13T13:24:04.3457218Z #20 4.317 
build-and-deploy	Build staging image	2026-02-13T13:24:04.3457995Z #20 4.317 âââââââââââââââââââââââââââââââââââââââââââââââââââââââââââââââ
build-and-deploy	Build staging image	2026-02-13T13:24:04.3459259Z #20 4.317 â  Deploying your app to serverless or edge functions?        â
build-and-deploy	Build staging image	2026-02-13T13:24:04.3460681Z #20 4.317 â  Try Prisma Accelerate for connection pooling and caching.  â
build-and-deploy	Build staging image	2026-02-13T13:24:04.3461725Z #20 4.317 â  https://pris.ly/cli/accelerate                             â
build-and-deploy	Build staging image	2026-02-13T13:24:04.3462433Z #20 4.317 âââââââââââââââââââââââââââââââââââââââââââââââââââââââââââââââ
build-and-deploy	Build staging image	2026-02-13T13:24:04.3462891Z #20 4.317 
build-and-deploy	Build staging image	2026-02-13T13:24:04.5685850Z #20 DONE 4.5s
build-and-deploy	Build staging image	2026-02-13T13:24:04.7197370Z 
build-and-deploy	Build staging image	2026-02-13T13:24:04.7199396Z #21 [builder 6/6] RUN DATABASE_URL=***localhost:5432/dummy NODE_OPTIONS=--max-old-space-size=4096 npm run build
build-and-deploy	Build staging image	2026-02-13T13:24:04.8870830Z #21 0.318 
build-and-deploy	Build staging image	2026-02-13T13:24:04.8871719Z #21 0.318 > curacel-people@1.0.0 build
build-and-deploy	Build staging image	2026-02-13T13:24:04.8872587Z #21 0.318 > next build
build-and-deploy	Build staging image	2026-02-13T13:24:04.8873072Z #21 0.318 
build-and-deploy	Build staging image	2026-02-13T13:24:05.6657547Z #21 1.096    â² Next.js 14.1.3
build-and-deploy	Build staging image	2026-02-13T13:24:05.8473130Z #21 1.097 
build-and-deploy	Build staging image	2026-02-13T13:24:05.8473907Z #21 1.127    Creating an optimized production build ...
build-and-deploy	Build staging image	2026-02-13T13:24:54.0958268Z #21 49.53  â  Compiled with warnings
build-and-deploy	Build staging image	2026-02-13T13:24:54.0959123Z #21 49.53 
build-and-deploy	Build staging image	2026-02-13T13:24:54.2468061Z #21 49.53 ./node_modules/handlebars/lib/index.js
build-and-deploy	Build staging image	2026-02-13T13:24:54.2469249Z #21 49.53 require.extensions is not supported by webpack. Use a loader instead.
build-and-deploy	Build staging image	2026-02-13T13:24:54.2470263Z #21 49.53 
build-and-deploy	Build staging image	2026-02-13T13:24:54.2470836Z #21 49.53 Import trace for requested module:
build-and-deploy	Build staging image	2026-02-13T13:24:54.2471617Z #21 49.53 ./node_modules/handlebars/lib/index.js
build-and-deploy	Build staging image	2026-02-13T13:24:54.2472402Z #21 49.53 ./node_modules/html-pdf-node/index.js
build-and-deploy	Build staging image	2026-02-13T13:24:54.2473204Z #21 49.53 ./src/lib/pdf.ts
build-and-deploy	Build staging image	2026-02-13T13:24:54.2473909Z #21 49.53 ./src/app/api/hiring/questions/export/route.ts
build-and-deploy	Build staging image	2026-02-13T13:24:54.2474828Z #21 49.53 
build-and-deploy	Build staging image	2026-02-13T13:24:54.2475365Z #21 49.53 ./node_modules/handlebars/lib/index.js
build-and-deploy	Build staging image	2026-02-13T13:24:54.2476422Z #21 49.53 require.extensions is not supported by webpack. Use a loader instead.
build-and-deploy	Build staging image	2026-02-13T13:24:54.2477345Z #21 49.53 
build-and-deploy	Build staging image	2026-02-13T13:24:54.2477851Z #21 49.53 Import trace for requested module:
build-and-deploy	Build staging image	2026-02-13T13:24:54.2479265Z #21 49.53 ./node_modules/handlebars/lib/index.js
build-and-deploy	Build staging image	2026-02-13T13:24:54.2480050Z #21 49.53 ./node_modules/html-pdf-node/index.js
build-and-deploy	Build staging image	2026-02-13T13:24:54.2480787Z #21 49.53 ./src/lib/pdf.ts
build-and-deploy	Build staging image	2026-02-13T13:24:54.2481384Z #21 49.53 ./src/app/api/hiring/questions/export/route.ts
build-and-deploy	Build staging image	2026-02-13T13:24:54.2482026Z #21 49.53 
build-and-deploy	Build staging image	2026-02-13T13:24:54.2482476Z #21 49.53 ./node_modules/handlebars/lib/index.js
build-and-deploy	Build staging image	2026-02-13T13:24:54.2483339Z #21 49.53 require.extensions is not supported by webpack. Use a loader instead.
build-and-deploy	Build staging image	2026-02-13T13:24:54.2484411Z #21 49.53 
build-and-deploy	Build staging image	2026-02-13T13:24:54.2484856Z #21 49.53 Import trace for requested module:
build-and-deploy	Build staging image	2026-02-13T13:24:54.2485561Z #21 49.53 ./node_modules/handlebars/lib/index.js
build-and-deploy	Build staging image	2026-02-13T13:24:54.2486250Z #21 49.53 ./node_modules/html-pdf-node/index.js
build-and-deploy	Build staging image	2026-02-13T13:24:54.2486874Z #21 49.53 ./src/lib/pdf.ts
build-and-deploy	Build staging image	2026-02-13T13:24:54.2487504Z #21 49.53 ./src/app/api/hiring/questions/export/route.ts
build-and-deploy	Build staging image	2026-02-13T13:24:54.2488145Z #21 49.53 
build-and-deploy	Build staging image	2026-02-13T13:25:15.6972803Z #21 71.13  â Compiled successfully
build-and-deploy	Build staging image	2026-02-13T13:25:15.8484800Z #21 71.13    Skipping validation of types
build-and-deploy	Build staging image	2026-02-13T13:25:15.8485481Z #21 71.13    Skipping linting
build-and-deploy	Build staging image	2026-02-13T13:25:16.0027609Z #21 71.43    Collecting page data ...
build-and-deploy	Build staging image	2026-02-13T13:25:22.8448168Z #21 78.28    Generating static pages (0/88) ...
build-and-deploy	Build staging image	2026-02-13T13:25:23.9161584Z #21 79.35 prisma:error 
build-and-deploy	Build staging image	2026-02-13T13:25:23.9162551Z #21 79.35 Invalid `prisma.queuedStageEmail.count()` invocation:
build-and-deploy	Build staging image	2026-02-13T13:25:23.9163265Z #21 79.35 
build-and-deploy	Build staging image	2026-02-13T13:25:23.9165240Z #21 79.35 
build-and-deploy	Build staging image	2026-02-13T13:25:23.9166688Z #21 79.35 Can't reach database server at `localhost`:`5432`
build-and-deploy	Build staging image	2026-02-13T13:25:23.9168597Z #21 79.35 
build-and-deploy	Build staging image	2026-02-13T13:25:23.9171309Z #21 79.35 Please make sure your database server is running at `localhost`:`5432`.
build-and-deploy	Build staging image	2026-02-13T13:25:23.9172124Z #21 79.35 prisma:error 
build-and-deploy	Build staging image	2026-02-13T13:25:23.9172738Z #21 79.35 Invalid `prisma.queuedStageEmail.count()` invocation:
build-and-deploy	Build staging image	2026-02-13T13:25:23.9173405Z #21 79.35 
build-and-deploy	Build staging image	2026-02-13T13:25:23.9173786Z #21 79.35 
build-and-deploy	Build staging image	2026-02-13T13:25:23.9178237Z #21 79.35 Can't reach database server at `localhost`:`5432`
build-and-deploy	Build staging image	2026-02-13T13:25:23.9178882Z #21 79.35 
build-and-deploy	Build staging image	2026-02-13T13:25:23.9180350Z #21 79.35 Please make sure your database server is running at `localhost`:`5432`.
build-and-deploy	Build staging image	2026-02-13T13:25:23.9181348Z #21 79.35 prisma:error 
build-and-deploy	Build staging image	2026-02-13T13:25:23.9181955Z #21 79.35 Invalid `prisma.queuedStageEmail.count()` invocation:
build-and-deploy	Build staging image	2026-02-13T13:25:23.9182620Z #21 79.35 
build-and-deploy	Build staging image	2026-02-13T13:25:23.9183237Z #21 79.35 
build-and-deploy	Build staging image	2026-02-13T13:25:23.9183765Z #21 79.35 Can't reach database server at `localhost`:`5432`
build-and-deploy	Build staging image	2026-02-13T13:25:23.9184668Z #21 79.35 
build-and-deploy	Build staging image	2026-02-13T13:25:23.9185501Z #21 79.35 Please make sure your database server is running at `localhost`:`5432`.
build-and-deploy	Build staging image	2026-02-13T13:25:23.9186287Z #21 79.35 prisma:error 
build-and-deploy	Build staging image	2026-02-13T13:25:23.9187095Z #21 79.35 Invalid `prisma.queuedStageEmail.count()` invocation:
build-and-deploy	Build staging image	2026-02-13T13:25:23.9187782Z #21 79.35 
build-and-deploy	Build staging image	2026-02-13T13:25:23.9188155Z #21 79.35 
build-and-deploy	Build staging image	2026-02-13T13:25:23.9188852Z #21 79.35 Can't reach database server at `localhost`:`5432`
build-and-deploy	Build staging image	2026-02-13T13:25:23.9189489Z #21 79.35 
build-and-deploy	Build staging image	2026-02-13T13:25:23.9190345Z #21 79.35 Please make sure your database server is running at `localhost`:`5432`.
build-and-deploy	Build staging image	2026-02-13T13:25:23.9191152Z #21 79.35 prisma:error 
build-and-deploy	Build staging image	2026-02-13T13:25:23.9191978Z #21 79.35 Invalid `prisma.queuedStageEmail.count()` invocation:
build-and-deploy	Build staging image	2026-02-13T13:25:23.9192657Z #21 79.35 
build-and-deploy	Build staging image	2026-02-13T13:25:23.9193066Z #21 79.35 
build-and-deploy	Build staging image	2026-02-13T13:25:23.9193839Z #21 79.35 Can't reach database server at `localhost`:`5432`
build-and-deploy	Build staging image	2026-02-13T13:25:23.9194761Z #21 79.35 
build-and-deploy	Build staging image	2026-02-13T13:25:23.9196379Z #21 79.35 Please make sure your database server is running at `localhost`:`5432`.
build-and-deploy	Build staging image	2026-02-13T13:25:24.0674228Z #21 79.35 [API/jobs/status] Failed to get status: PrismaClientInitializationError: 
build-and-deploy	Build staging image	2026-02-13T13:25:24.0675402Z #21 79.35 Invalid `prisma.queuedStageEmail.count()` invocation:
build-and-deploy	Build staging image	2026-02-13T13:25:24.0676172Z #21 79.35 
build-and-deploy	Build staging image	2026-02-13T13:25:24.0676490Z #21 79.35 
build-and-deploy	Build staging image	2026-02-13T13:25:24.0676968Z #21 79.35 Can't reach database server at `localhost`:`5432`
build-and-deploy	Build staging image	2026-02-13T13:25:24.0677723Z #21 79.35 
build-and-deploy	Build staging image	2026-02-13T13:25:24.0679049Z #21 79.35 Please make sure your database server is running at `localhost`:`5432`.
build-and-deploy	Build staging image	2026-02-13T13:25:24.0680493Z #21 79.35     at _n.handleRequestError (/app/node_modules/@prisma/client/runtime/library.js:123:7154)
build-and-deploy	Build staging image	2026-02-13T13:25:24.0682245Z #21 79.35     at _n.handleAndLogRequestError (/app/node_modules/@prisma/client/runtime/library.js:123:6188)
build-and-deploy	Build staging image	2026-02-13T13:25:24.0684153Z #21 79.35     at _n.request (/app/node_modules/@prisma/client/runtime/library.js:123:5896)
build-and-deploy	Build staging image	2026-02-13T13:25:24.0685583Z #21 79.35     at async l (/app/node_modules/@prisma/client/runtime/library.js:128:10871)
build-and-deploy	Build staging image	2026-02-13T13:25:24.0686764Z #21 79.35     at async Promise.all (index 0)
build-and-deploy	Build staging image	2026-02-13T13:25:24.0687771Z #21 79.35     at async l (/app/.next/server/app/api/jobs/status/route.js:1:1669)
build-and-deploy	Build staging image	2026-02-13T13:25:24.0689197Z #21 79.35     at async /app/node_modules/next/dist/compiled/next-server/app-route.runtime.prod.js:6:42484
build-and-deploy	Build staging image	2026-02-13T13:25:24.0691051Z #21 79.35     at async eI.execute (/app/node_modules/next/dist/compiled/next-server/app-route.runtime.prod.js:6:32486)
build-and-deploy	Build staging image	2026-02-13T13:25:24.0692950Z #21 79.35     at async eI.handle (/app/node_modules/next/dist/compiled/next-server/app-route.runtime.prod.js:6:43737)
build-and-deploy	Build staging image	2026-02-13T13:25:24.0694821Z #21 79.35     at async exportAppRoute (/app/node_modules/next/dist/export/routes/app-route.js:77:26)
build-and-deploy	Build staging image	2026-02-13T13:25:24.0696336Z #21 79.35     at async exportPageImpl (/app/node_modules/next/dist/export/worker.js:175:20)
build-and-deploy	Build staging image	2026-02-13T13:25:24.0697610Z #21 79.35     at async /app/node_modules/next/dist/export/worker.js:239:16
build-and-deploy	Build staging image	2026-02-13T13:25:24.0699146Z #21 79.35     at async Span.traceAsyncFn (/app/node_modules/next/dist/trace/trace.js:151:20)
build-and-deploy	Build staging image	2026-02-13T13:25:24.0700608Z #21 79.35     at async Object.exportPage (/app/node_modules/next/dist/export/worker.js:238:20) {
build-and-deploy	Build staging image	2026-02-13T13:25:24.0701712Z #21 79.35   clientVersion: '5.10.2',
build-and-deploy	Build staging image	2026-02-13T13:25:24.0702372Z #21 79.35   errorCode: undefined
build-and-deploy	Build staging image	2026-02-13T13:25:24.0702975Z #21 79.35 }
build-and-deploy	Build staging image	2026-02-13T13:25:24.0703695Z #21 79.35 [Worker] Failed to initialize: AggregateError [ECONNREFUSED]: 
build-and-deploy	Build staging image	2026-02-13T13:25:24.0704882Z #21 79.35     at /app/node_modules/pg-pool/index.js:45:11
build-and-deploy	Build staging image	2026-02-13T13:25:24.0706118Z #21 79.35     at process.processTicksAndRejections (node:internal/process/task_queues:95:5)
build-and-deploy	Build staging image	2026-02-13T13:25:24.0707498Z #21 79.35     at async Db.executeSql (/app/node_modules/pg-boss/src/db.js:28:14)
build-and-deploy	Build staging image	2026-02-13T13:25:24.0708887Z #21 79.35     at async Contractor.isInstalled (/app/node_modules/pg-boss/src/contractor.js:32:20)
build-and-deploy	Build staging image	2026-02-13T13:25:24.0710356Z #21 79.35     at async Contractor.start (/app/node_modules/pg-boss/src/contractor.js:37:23)
build-and-deploy	Build staging image	2026-02-13T13:25:24.0711704Z #21 79.35     at async PgBoss.start (/app/node_modules/pg-boss/src/index.js:101:5)
build-and-deploy	Build staging image	2026-02-13T13:25:24.0712824Z #21 79.35     at async h (/app/.next/server/chunks/53.js:1:14024)
build-and-deploy	Build staging image	2026-02-13T13:25:24.0713886Z #21 79.35     at async p (/app/.next/server/app/api/jobs/init/route.js:1:1745)
build-and-deploy	Build staging image	2026-02-13T13:25:24.0715421Z #21 79.35     at async /app/node_modules/next/dist/compiled/next-server/app-route.runtime.prod.js:6:42484
build-and-deploy	Build staging image	2026-02-13T13:25:24.0717250Z #21 79.35     at async eI.execute (/app/node_modules/next/dist/compiled/next-server/app-route.runtime.prod.js:6:32486)
build-and-deploy	Build staging image	2026-02-13T13:25:24.0719129Z #21 79.35     at async eI.handle (/app/node_modules/next/dist/compiled/next-server/app-route.runtime.prod.js:6:43737)
build-and-deploy	Build staging image	2026-02-13T13:25:24.0720833Z #21 79.35     at async exportAppRoute (/app/node_modules/next/dist/export/routes/app-route.js:77:26)
build-and-deploy	Build staging image	2026-02-13T13:25:24.0722375Z #21 79.35     at async exportPageImpl (/app/node_modules/next/dist/export/worker.js:175:20)
build-and-deploy	Build staging image	2026-02-13T13:25:24.0723595Z #21 79.35     at async /app/node_modules/next/dist/export/worker.js:239:16
build-and-deploy	Build staging image	2026-02-13T13:25:24.0724938Z #21 79.35     at async Span.traceAsyncFn (/app/node_modules/next/dist/trace/trace.js:151:20)
build-and-deploy	Build staging image	2026-02-13T13:25:24.0726291Z #21 79.35     at async Object.exportPage (/app/node_modules/next/dist/export/worker.js:238:20) {
build-and-deploy	Build staging image	2026-02-13T13:25:24.0727342Z #21 79.35   code: 'ECONNREFUSED',
build-and-deploy	Build staging image	2026-02-13T13:25:24.0727918Z #21 79.35   [errors]: [
build-and-deploy	Build staging image	2026-02-13T13:25:24.0728750Z #21 79.35     Error: connect ECONNREFUSED ::1:5432
build-and-deploy	Build staging image	2026-02-13T13:25:24.0729572Z #21 79.35         at createConnectionError (node:net:1652:14)
build-and-deploy	Build staging image	2026-02-13T13:25:24.0730429Z #21 79.35         at afterConnectMultiple (node:net:1682:16)
build-and-deploy	Build staging image	2026-02-13T13:25:24.0731491Z #21 79.35         at TCPConnectWrap.callbackTrampoline (node:internal/async_hooks:130:17) {
build-and-deploy	Build staging image	2026-02-13T13:25:24.0732475Z #21 79.35       errno: -111,
build-and-deploy	Build staging image	2026-02-13T13:25:24.0733041Z #21 79.35       code: 'ECONNREFUSED',
build-and-deploy	Build staging image	2026-02-13T13:25:24.0733855Z #21 79.35       syscall: 'connect',
build-and-deploy	Build staging image	2026-02-13T13:25:24.0734829Z #21 79.35       address: '::1',
build-and-deploy	Build staging image	2026-02-13T13:25:24.0735798Z #21 79.35       port: 5432
build-and-deploy	Build staging image	2026-02-13T13:25:24.0736540Z #21 79.35     },
build-and-deploy	Build staging image	2026-02-13T13:25:24.0737402Z #21 79.35     Error: connect ECONNREFUSED 127.0.0.1:5432
build-and-deploy	Build staging image	2026-02-13T13:25:24.0738427Z #21 79.35         at createConnectionError (node:net:1652:14)
build-and-deploy	Build staging image	2026-02-13T13:25:24.0739617Z #21 79.35         at afterConnectMultiple (node:net:1682:16)
build-and-deploy	Build staging image	2026-02-13T13:25:24.0740923Z #21 79.35         at TCPConnectWrap.callbackTrampoline (node:internal/async_hooks:130:17) {
build-and-deploy	Build staging image	2026-02-13T13:25:24.0753221Z #21 79.35       errno: -111,
build-and-deploy	Build staging image	2026-02-13T13:25:24.0753837Z #21 79.35       code: 'ECONNREFUSED',
build-and-deploy	Build staging image	2026-02-13T13:25:24.0754677Z #21 79.35       syscall: 'connect',
build-and-deploy	Build staging image	2026-02-13T13:25:24.0755312Z #21 79.35       address: '127.0.0.1',
build-and-deploy	Build staging image	2026-02-13T13:25:24.0755914Z #21 79.35       port: 5432
build-and-deploy	Build staging image	2026-02-13T13:25:24.0756441Z #21 79.35     }
build-and-deploy	Build staging image	2026-02-13T13:25:24.0756902Z #21 79.35   ]
build-and-deploy	Build staging image	2026-02-13T13:25:24.0757352Z #21 79.35 }
build-and-deploy	Build staging image	2026-02-13T13:25:24.0758369Z #21 79.35 [API/jobs/init] Failed to initialize worker: AggregateError [ECONNREFUSED]: 
build-and-deploy	Build staging image	2026-02-13T13:25:24.0759445Z #21 79.35     at /app/node_modules/pg-pool/index.js:45:11
build-and-deploy	Build staging image	2026-02-13T13:25:24.0760558Z #21 79.35     at process.processTicksAndRejections (node:internal/process/task_queues:95:5)
build-and-deploy	Build staging image	2026-02-13T13:25:24.0761825Z #21 79.35     at async Db.executeSql (/app/node_modules/pg-boss/src/db.js:28:14)
build-and-deploy	Build staging image	2026-02-13T13:25:24.0763112Z #21 79.35     at async Contractor.isInstalled (/app/node_modules/pg-boss/src/contractor.js:32:20)
build-and-deploy	Build staging image	2026-02-13T13:25:24.0764666Z #21 79.35     at async Contractor.start (/app/node_modules/pg-boss/src/contractor.js:37:23)
build-and-deploy	Build staging image	2026-02-13T13:25:24.0765891Z #21 79.35     at async PgBoss.start (/app/node_modules/pg-boss/src/index.js:101:5)
build-and-deploy	Build staging image	2026-02-13T13:25:24.0766926Z #21 79.35     at async h (/app/.next/server/chunks/53.js:1:14024)
build-and-deploy	Build staging image	2026-02-13T13:25:24.0767885Z #21 79.35     at async p (/app/.next/server/app/api/jobs/init/route.js:1:1745)
build-and-deploy	Build staging image	2026-02-13T13:25:24.0769206Z #21 79.35     at async /app/node_modules/next/dist/compiled/next-server/app-route.runtime.prod.js:6:42484
build-and-deploy	Build staging image	2026-02-13T13:25:24.0770861Z #21 79.35     at async eI.execute (/app/node_modules/next/dist/compiled/next-server/app-route.runtime.prod.js:6:32486)
build-and-deploy	Build staging image	2026-02-13T13:25:24.0772579Z #21 79.35     at async eI.handle (/app/node_modules/next/dist/compiled/next-server/app-route.runtime.prod.js:6:43737)
build-and-deploy	Build staging image	2026-02-13T13:25:24.0774298Z #21 79.35     at async exportAppRoute (/app/node_modules/next/dist/export/routes/app-route.js:77:26)
build-and-deploy	Build staging image	2026-02-13T13:25:24.0775687Z #21 79.35     at async exportPageImpl (/app/node_modules/next/dist/export/worker.js:175:20)
build-and-deploy	Build staging image	2026-02-13T13:25:24.0776883Z #21 79.35     at async /app/node_modules/next/dist/export/worker.js:239:16
build-and-deploy	Build staging image	2026-02-13T13:25:24.0777989Z #21 79.35     at async Span.traceAsyncFn (/app/node_modules/next/dist/trace/trace.js:151:20)
build-and-deploy	Build staging image	2026-02-13T13:25:24.0779213Z #21 79.35     at async Object.exportPage (/app/node_modules/next/dist/export/worker.js:238:20) {
build-and-deploy	Build staging image	2026-02-13T13:25:24.0780174Z #21 79.35   code: 'ECONNREFUSED',
build-and-deploy	Build staging image	2026-02-13T13:25:24.0780710Z #21 79.35   [errors]: [
build-and-deploy	Build staging image	2026-02-13T13:25:24.0781273Z #21 79.35     Error: connect ECONNREFUSED ::1:5432
build-and-deploy	Build staging image	2026-02-13T13:25:24.0782034Z #21 79.35         at createConnectionError (node:net:1652:14)
build-and-deploy	Build staging image	2026-02-13T13:25:24.0782823Z #21 79.35         at afterConnectMultiple (node:net:1682:16)
build-and-deploy	Build staging image	2026-02-13T13:25:24.0783825Z #21 79.35         at TCPConnectWrap.callbackTrampoline (node:internal/async_hooks:130:17) {
build-and-deploy	Build staging image	2026-02-13T13:25:24.0785123Z #21 79.35       errno: -111,
build-and-deploy	Build staging image	2026-02-13T13:25:24.0785671Z #21 79.35       code: 'ECONNREFUSED',
build-and-deploy	Build staging image	2026-02-13T13:25:24.0786248Z #21 79.35       syscall: 'connect',
build-and-deploy	Build staging image	2026-02-13T13:25:24.0786810Z #21 79.35       address: '::1',
build-and-deploy	Build staging image	2026-02-13T13:25:24.0787322Z #21 79.35       port: 5432
build-and-deploy	Build staging image	2026-02-13T13:25:24.0787815Z #21 79.35     },
build-and-deploy	Build staging image	2026-02-13T13:25:24.0788391Z #21 79.35     Error: connect ECONNREFUSED 127.0.0.1:5432
build-and-deploy	Build staging image	2026-02-13T13:25:24.0789164Z #21 79.35         at createConnectionError (node:net:1652:14)
build-and-deploy	Build staging image	2026-02-13T13:25:24.0789964Z #21 79.35         at afterConnectMultiple (node:net:1682:16)
build-and-deploy	Build staging image	2026-02-13T13:25:24.0791008Z #21 79.35         at TCPConnectWrap.callbackTrampoline (node:internal/async_hooks:130:17) {
build-and-deploy	Build staging image	2026-02-13T13:25:24.0791924Z #21 79.35       errno: -111,
build-and-deploy	Build staging image	2026-02-13T13:25:24.0792477Z #21 79.35       code: 'ECONNREFUSED',
build-and-deploy	Build staging image	2026-02-13T13:25:24.0793053Z #21 79.35       syscall: 'connect',
build-and-deploy	Build staging image	2026-02-13T13:25:24.0793617Z #21 79.35       address: '127.0.0.1',
build-and-deploy	Build staging image	2026-02-13T13:25:24.0794310Z #21 79.35       port: 5432
build-and-deploy	Build staging image	2026-02-13T13:25:24.0794848Z #21 79.35     }
build-and-deploy	Build staging image	2026-02-13T13:25:24.0795274Z #21 79.35   ]
build-and-deploy	Build staging image	2026-02-13T13:25:24.0795689Z #21 79.35 }
build-and-deploy	Build staging image	2026-02-13T13:25:30.2467480Z #21 85.67 
build-and-deploy	Build staging image	2026-02-13T13:25:30.9463814Z    Generating static pages (22/88) 
build-and-deploy	Build staging image	2026-02-13T13:25:30.9467056Z #21 86.38 
build-and-deploy	Build staging image	2026-02-13T13:25:30.9467748Z    Generating static pages (44/88) 
build-and-deploy	Build staging image	2026-02-13T13:25:31.9261267Z #21 87.36 
build-and-deploy	Build staging image	2026-02-13T13:25:31.9265128Z    Generating static pages (66/88) 
build-and-deploy	Build staging image	2026-02-13T13:25:32.7144332Z #21 88.14 
build-and-deploy	Build staging image	2026-02-13T13:25:32.7147114Z  â Generating static pages (88/88) 
build-and-deploy	Build staging image	2026-02-13T13:25:33.2516745Z #21 88.68    Finalizing page optimization ...
build-and-deploy	Build staging image	2026-02-13T13:25:33.2518081Z #21 88.68    Collecting build traces ...
build-and-deploy	Build staging image	2026-02-13T13:25:48.0502934Z #21 103.5 
build-and-deploy	Build staging image	2026-02-13T13:25:48.2112087Z #21 103.5 Route (app)                                           Size     First Load JS
build-and-deploy	Build staging image	2026-02-13T13:25:48.2113778Z #21 103.5 â Î» /                                                 152 B          84.7 kB
build-and-deploy	Build staging image	2026-02-13T13:25:48.2121135Z #21 103.5 â Î» /_not-found                                       891 B          85.4 kB
build-and-deploy	Build staging image	2026-02-13T13:25:48.2122108Z #21 103.5 â Î» /ai-agent                                         6.92 kB         141 kB
build-and-deploy	Build staging image	2026-02-13T13:25:48.2123050Z #21 103.5 â Î» /analytics                                        15.5 kB         265 kB
build-and-deploy	Build staging image	2026-02-13T13:25:48.2125219Z #21 103.5 â Î» /analytics/employees                              2.6 kB         93.9 kB
build-and-deploy	Build staging image	2026-02-13T13:25:48.2128637Z #21 103.5 â Î» /api-docs                                         152 B          84.7 kB
build-and-deploy	Build staging image	2026-02-13T13:25:48.2130102Z #21 103.5 â Î» /api/assessment/[token]                           0 B                0 B
build-and-deploy	Build staging image	2026-02-13T13:25:48.2131300Z #21 103.5 â Î» /api/assessment/[token]/start                     0 B                0 B
build-and-deploy	Build staging image	2026-02-13T13:25:48.2132640Z #21 103.5 â Î» /api/assessment/[token]/submit                    0 B                0 B
build-and-deploy	Build staging image	2026-02-13T13:25:48.2134074Z #21 103.5 â Î» /api/auth/[...nextauth]                           0 B                0 B
build-and-deploy	Build staging image	2026-02-13T13:25:48.2135189Z #21 103.5 â Î» /api/auth/forgot-password                         0 B                0 B
build-and-deploy	Build staging image	2026-02-13T13:25:48.2136423Z #21 103.5 â Î» /api/auth/reset-password                          0 B                0 B
build-and-deploy	Build staging image	2026-02-13T13:25:48.2137510Z #21 103.5 â Î» /api/email-track/click/[token]                    0 B                0 B
build-and-deploy	Build staging image	2026-02-13T13:25:48.2138850Z #21 103.5 â Î» /api/email-track/open/[token]                     0 B                0 B
build-and-deploy	Build staging image	2026-02-13T13:25:48.2140052Z #21 103.5 â Î» /api/hiring/candidates/[id]/export                0 B                0 B
build-and-deploy	Build staging image	2026-02-13T13:25:48.2141446Z #21 103.5 â Î» /api/hiring/interviews/[id]/export                0 B                0 B
build-and-deploy	Build staging image	2026-02-13T13:25:48.2142665Z #21 103.5 â Î» /api/hiring/questions/export                      0 B                0 B
build-and-deploy	Build staging image	2026-02-13T13:25:48.2144574Z #21 103.5 â Î» /api/jobs/[id]/webhook                            0 B                0 B
build-and-deploy	Build staging image	2026-02-13T13:25:48.2145741Z #21 103.5 â Î» /api/jobs/init                                    0 B                0 B
build-and-deploy	Build staging image	2026-02-13T13:25:48.2147354Z #21 103.5 â Î» /api/jobs/status                                  0 B                0 B
build-and-deploy	Build staging image	2026-02-13T13:25:48.2148621Z #21 103.5 â Î» /api/trpc/[trpc]                                  0 B                0 B
build-and-deploy	Build staging image	2026-02-13T13:25:48.2149723Z #21 103.5 â Î» /api/uploadthing                                  0 B                0 B
build-and-deploy	Build staging image	2026-02-13T13:25:48.2150828Z #21 103.5 â Î» /api/v1/contracts                                 0 B                0 B
build-and-deploy	Build staging image	2026-02-13T13:25:48.2152087Z #21 103.5 â Î» /api/v1/contracts/[id]                            0 B                0 B
build-and-deploy	Build staging image	2026-02-13T13:25:48.2153221Z #21 103.5 â Î» /api/v1/employees                                 0 B                0 B
build-and-deploy	Build staging image	2026-02-13T13:25:48.2154580Z #21 103.5 â Î» /api/v1/employees/[id]                            0 B                0 B
build-and-deploy	Build staging image	2026-02-13T13:25:48.2155813Z #21 103.5 â Î» /api/v1/offboarding                               0 B                0 B
build-and-deploy	Build staging image	2026-02-13T13:25:48.2156869Z #21 103.5 â Î» /api/v1/offboarding/[id]                          0 B                0 B
build-and-deploy	Build staging image	2026-02-13T13:25:48.2158056Z #21 103.5 â Î» /api/v1/onboarding                                0 B                0 B
build-and-deploy	Build staging image	2026-02-13T13:25:48.2159343Z #21 103.5 â Î» /api/v1/onboarding/[id]                           0 B                0 B
build-and-deploy	Build staging image	2026-02-13T13:25:48.2160649Z #21 103.5 â Î» /api/webhooks/assessments/[platform]              0 B                0 B
build-and-deploy	Build staging image	2026-02-13T13:25:48.2161818Z #21 103.5 â Î» /api/webhooks/docusign                            0 B                0 B
build-and-deploy	Build staging image	2026-02-13T13:25:48.2163071Z #21 103.5 â Î» /apply/[jobId]                                    8.12 kB         135 kB
build-and-deploy	Build staging image	2026-02-13T13:25:48.2164779Z #21 103.5 â Î» /assessment/[token]                               10.3 kB         148 kB
build-and-deploy	Build staging image	2026-02-13T13:25:48.2165747Z #21 103.5 â Î» /auth/accept-invite                               4.77 kB         148 kB
build-and-deploy	Build staging image	2026-02-13T13:25:48.2166727Z #21 103.5 â Î» /auth/forgot-password                             4.69 kB         108 kB
build-and-deploy	Build staging image	2026-02-13T13:25:48.2167706Z #21 103.5 â Î» /auth/reset-password                              5.18 kB         109 kB
build-and-deploy	Build staging image	2026-02-13T13:25:48.2168696Z #21 103.5 â Î» /auth/signin                                      5.54 kB         111 kB
build-and-deploy	Build staging image	2026-02-13T13:25:48.2169584Z #21 103.5 â Î» /careers/[id]                                     21.5 kB         178 kB
build-and-deploy	Build staging image	2026-02-13T13:25:48.2170468Z #21 103.5 â Î» /contracts                                        7.07 kB         163 kB
build-and-deploy	Build staging image	2026-02-13T13:25:48.2171365Z #21 103.5 â Î» /contracts/[id]                                   8.36 kB         305 kB
build-and-deploy	Build staging image	2026-02-13T13:25:48.2172279Z #21 103.5 â Î» /contracts/new                                    10.7 kB         301 kB
build-and-deploy	Build staging image	2026-02-13T13:25:48.2173209Z #21 103.5 â Î» /dashboard                                        11.3 kB         154 kB
build-and-deploy	Build staging image	2026-02-13T13:25:48.2174256Z #21 103.5 â Î» /employees                                        8.1 kB          181 kB
build-and-deploy	Build staging image	2026-02-13T13:25:48.2175143Z #21 103.5 â Î» /employees/[id]                                   23.2 kB         206 kB
build-and-deploy	Build staging image	2026-02-13T13:25:48.2175972Z #21 103.5 â Î» /hiring                                           9.89 kB         173 kB
build-and-deploy	Build staging image	2026-02-13T13:25:48.2176831Z #21 103.5 â Î» /hiring/assessments                               9.36 kB         192 kB
build-and-deploy	Build staging image	2026-02-13T13:25:48.2177744Z #21 103.5 â Î» /hiring/assessments/[id]                          13 kB           158 kB
build-and-deploy	Build staging image	2026-02-13T13:25:48.2178751Z #21 103.5 â Î» /hiring/assessments/analytics                     5.82 kB         277 kB
build-and-deploy	Build staging image	2026-02-13T13:25:48.2179737Z #21 103.5 â Î» /hiring/candidates                                8.23 kB         205 kB
build-and-deploy	Build staging image	2026-02-13T13:25:48.2180703Z #21 103.5 â Î» /hiring/candidates/[id]                           29.3 kB         338 kB
build-and-deploy	Build staging image	2026-02-13T13:25:48.2181709Z #21 103.5 â Î» /hiring/candidates/[id]/communications            6.59 kB         184 kB
build-and-deploy	Build staging image	2026-02-13T13:25:48.2182737Z #21 103.5 â Î» /hiring/candidates/[id]/emails                    8.97 kB         209 kB
build-and-deploy	Build staging image	2026-02-13T13:25:48.2183774Z #21 103.5 â Î» /hiring/candidates/[id]/interviews/[interviewId]  11.3 kB         240 kB
build-and-deploy	Build staging image	2026-02-13T13:25:48.2185171Z #21 103.5 â Î» /hiring/candidates/[id]/stages/[stageId]          9.13 kB         107 kB
build-and-deploy	Build staging image	2026-02-13T13:25:48.2186220Z #21 103.5 â Î» /hiring/candidates/archived                       7.57 kB         141 kB
build-and-deploy	Build staging image	2026-02-13T13:25:48.2187240Z #21 103.5 â Î» /hiring/interviews                                5.64 kB         234 kB
build-and-deploy	Build staging image	2026-02-13T13:25:48.2188246Z #21 103.5 â Î» /hiring/interviews/schedule                       35.1 kB         251 kB
build-and-deploy	Build staging image	2026-02-13T13:25:48.2189251Z #21 103.5 â Î» /hiring/positions                                 7.01 kB         173 kB
build-and-deploy	Build staging image	2026-02-13T13:25:48.2190261Z #21 103.5 â Î» /hiring/positions/[id]/candidates                 10.3 kB         224 kB
build-and-deploy	Build staging image	2026-02-13T13:25:48.2191280Z #21 103.5 â Î» /hiring/positions/[id]/details                    10.3 kB         154 kB
build-and-deploy	Build staging image	2026-02-13T13:25:48.2192274Z #21 103.5 â Î» /hiring/positions/[id]/edit                       11 kB           168 kB
build-and-deploy	Build staging image	2026-02-13T13:25:48.2193255Z #21 103.5 â Î» /hiring/positions/[id]/scorecard                  6.93 kB         142 kB
build-and-deploy	Build staging image	2026-02-13T13:25:48.2194339Z #21 103.5 â Î» /hiring/positions/new                             18.6 kB         188 kB
build-and-deploy	Build staging image	2026-02-13T13:25:48.2195264Z #21 103.5 â Î» /hiring/questions                                 15 kB           178 kB
build-and-deploy	Build staging image	2026-02-13T13:25:48.2196194Z #21 103.5 â Î» /hiring/settings                                  152 B          84.7 kB
build-and-deploy	Build staging image	2026-02-13T13:25:48.2197160Z #21 103.5 â Î» /hiring/settings/all                              18 kB           183 kB
build-and-deploy	Build staging image	2026-02-13T13:25:48.2198161Z #21 103.5 â Î» /hiring/settings/assessments                      7.59 kB         181 kB
build-and-deploy	Build staging image	2026-02-13T13:25:48.2199372Z #21 103.5 â Î» /hiring/settings/assessments/[id]                 10.9 kB         177 kB
build-and-deploy	Build staging image	2026-02-13T13:25:48.2200420Z #21 103.5 â Î» /hiring/settings/assessments/new                  10.5 kB         176 kB
build-and-deploy	Build staging image	2026-02-13T13:25:48.2201527Z #21 103.5 â Î» /hiring/settings/auntypelz-actions                6.06 kB         135 kB
build-and-deploy	Build staging image	2026-02-13T13:25:48.2202602Z #21 103.5 â Î» /hiring/settings/competency-framework             6.45 kB         136 kB
build-and-deploy	Build staging image	2026-02-13T13:25:48.2203689Z #21 103.5 â Î» /hiring/settings/competency-framework/[id]        7.02 kB         136 kB
build-and-deploy	Build staging image	2026-02-13T13:25:48.2204873Z #21 103.5 â Î» /hiring/settings/general                          5.19 kB         162 kB
build-and-deploy	Build staging image	2026-02-13T13:25:48.2205896Z #21 103.5 â Î» /hiring/settings/interest-forms                   6.64 kB         163 kB
build-and-deploy	Build staging image	2026-02-13T13:25:48.2206948Z #21 103.5 â Î» /hiring/settings/interest-forms/[id]              7.86 kB         174 kB
build-and-deploy	Build staging image	2026-02-13T13:25:48.2208001Z #21 103.5 â Î» /hiring/settings/interest-forms/new               7.55 kB         173 kB
build-and-deploy	Build staging image	2026-02-13T13:25:48.2209054Z #21 103.5 â Î» /hiring/settings/interview                        4.72 kB         103 kB
build-and-deploy	Build staging image	2026-02-13T13:25:48.2210085Z #21 103.5 â Î» /hiring/settings/interview-types                  6.17 kB         175 kB
build-and-deploy	Build staging image	2026-02-13T13:25:48.2211095Z #21 103.5 â Î» /hiring/settings/interview-types/[id]             6.97 kB         145 kB
build-and-deploy	Build staging image	2026-02-13T13:25:48.2212089Z #21 103.5 â Î» /hiring/settings/interview-types/new              6.75 kB         145 kB
build-and-deploy	Build staging image	2026-02-13T13:25:48.2213061Z #21 103.5 â Î» /hiring/settings/jd-templates                     9.67 kB         177 kB
build-and-deploy	Build staging image	2026-02-13T13:25:48.2214212Z #21 103.5 â Î» /hiring/settings/jd-templates/[id]                6.49 kB         297 kB
build-and-deploy	Build staging image	2026-02-13T13:25:48.2215242Z #21 103.5 â Î» /hiring/settings/jd-templates/new                 14.3 kB         322 kB
build-and-deploy	Build staging image	2026-02-13T13:25:48.2216244Z #21 103.5 â Î» /hiring/settings/rubrics                          6.36 kB         163 kB
build-and-deploy	Build staging image	2026-02-13T13:25:48.2217238Z #21 103.5 â Î» /hiring/settings/rubrics/[id]                     5.32 kB         132 kB
build-and-deploy	Build staging image	2026-02-13T13:25:48.2218256Z #21 103.5 â Î» /hiring/settings/rubrics/[id]/edit                6.55 kB         172 kB
build-and-deploy	Build staging image	2026-02-13T13:25:48.2219258Z #21 103.5 â Î» /hiring/settings/rubrics/new                      6.34 kB         172 kB
build-and-deploy	Build staging image	2026-02-13T13:25:48.2220221Z #21 103.5 â Î» /integrations                                     8.69 kB         142 kB
build-and-deploy	Build staging image	2026-02-13T13:25:48.2221137Z #21 103.5 â Î» /integrations/[id]                                12.9 kB         169 kB
build-and-deploy	Build staging image	2026-02-13T13:25:48.2222256Z #21 103.5 â Î» /integrations/rules                               4.19 kB         130 kB
build-and-deploy	Build staging image	2026-02-13T13:25:48.2223217Z #21 103.5 â Î» /interview/[token]                                17.4 kB         181 kB
build-and-deploy	Build staging image	2026-02-13T13:25:48.2224273Z #21 103.5 â Î» /notifications                                    4.95 kB         143 kB
build-and-deploy	Build staging image	2026-02-13T13:25:48.2225196Z #21 103.5 â Î» /offboarding                                      10.2 kB         170 kB
build-and-deploy	Build staging image	2026-02-13T13:25:48.2226107Z #21 103.5 â Î» /offer/[id]/sign                                  5.59 kB         139 kB
build-and-deploy	Build staging image	2026-02-13T13:25:48.2226999Z #21 103.5 â Î» /onboarding                                       6.5 kB          163 kB
build-and-deploy	Build staging image	2026-02-13T13:25:48.2227893Z #21 103.5 â Î» /onboarding/[id]                                  11.9 kB         153 kB
build-and-deploy	Build staging image	2026-02-13T13:25:48.2228806Z #21 103.5 â Î» /onboarding/new                                   8.68 kB         175 kB
build-and-deploy	Build staging image	2026-02-13T13:25:48.2229710Z #21 103.5 â Î» /profile                                          4.31 kB         140 kB
build-and-deploy	Build staging image	2026-02-13T13:25:48.2230615Z #21 103.5 â Î» /recruiter/[token]                                11.8 kB         135 kB
build-and-deploy	Build staging image	2026-02-13T13:25:48.2231527Z #21 103.5 â Î» /settings                                         5.62 kB         104 kB
build-and-deploy	Build staging image	2026-02-13T13:25:48.2232411Z #21 103.5 â Î» /settings/advisors                                8.69 kB         178 kB
build-and-deploy	Build staging image	2026-02-13T13:25:48.2233320Z #21 103.5 â Î» /settings/ai-agent                                8.51 kB         137 kB
build-and-deploy	Build staging image	2026-02-13T13:25:48.2234588Z #21 103.5 â Î» /settings/ai-agent/auntypelz-interviews           4.41 kB         138 kB
build-and-deploy	Build staging image	2026-02-13T13:25:48.2235666Z #21 103.5 â Î» /settings/ai-agent/pending-tools                  5.79 kB         136 kB
build-and-deploy	Build staging image	2026-02-13T13:25:48.2236646Z #21 103.5 â Î» /settings/api                                     4.69 kB         155 kB
build-and-deploy	Build staging image	2026-02-13T13:25:48.2237618Z #21 103.5 â Î» /settings/applications                            10.6 kB         158 kB
build-and-deploy	Build staging image	2026-02-13T13:25:48.2238651Z #21 103.5 â Î» /settings/applications/[id]                       18 kB           193 kB
build-and-deploy	Build staging image	2026-02-13T13:25:48.2239637Z #21 103.5 â Î» /settings/audit                                   5.76 kB         162 kB
build-and-deploy	Build staging image	2026-02-13T13:25:48.2240630Z #21 103.5 â Î» /settings/company-stage-flow                      10.2 kB         170 kB
build-and-deploy	Build staging image	2026-02-13T13:25:48.2241672Z #21 103.5 â Î» /settings/contract-templates                      6.88 kB         167 kB
build-and-deploy	Build staging image	2026-02-13T13:25:48.2242730Z #21 103.5 â Î» /settings/contract-templates/[type]               4.06 kB         293 kB
build-and-deploy	Build staging image	2026-02-13T13:25:48.2243799Z #21 103.5 â Î» /settings/contract-templates/custom/[id]          4.82 kB         298 kB
build-and-deploy	Build staging image	2026-02-13T13:25:48.2244986Z #21 103.5 â Î» /settings/documentation                           19.2 kB         123 kB
build-and-deploy	Build staging image	2026-02-13T13:25:48.2246006Z #21 103.5 â Î» /settings/email-settings                          4.35 kB         102 kB
build-and-deploy	Build staging image	2026-02-13T13:25:48.2247035Z #21 103.5 â Î» /settings/email-settings/general                  10.2 kB         176 kB
build-and-deploy	Build staging image	2026-02-13T13:25:48.2248106Z #21 103.5 â Î» /settings/email-settings/templates                170 B           170 kB
build-and-deploy	Build staging image	2026-02-13T13:25:48.2249101Z #21 103.5 â Î» /settings/email-templates                         169 B           170 kB
build-and-deploy	Build staging image	2026-02-13T13:25:48.2250042Z #21 103.5 â Î» /settings/job-settings                            4.65 kB         103 kB
build-and-deploy	Build staging image	2026-02-13T13:25:48.2250975Z #21 103.5 â Î» /settings/legal-entities                          4.81 kB         131 kB
build-and-deploy	Build staging image	2026-02-13T13:25:48.2251955Z #21 103.5 â Î» /settings/notifications                           7.36 kB         164 kB
build-and-deploy	Build staging image	2026-02-13T13:25:48.2252969Z #21 103.5 â Î» /settings/offboarding-flow                        5.83 kB         180 kB
build-and-deploy	Build staging image	2026-02-13T13:25:48.2254116Z #21 103.5 â Î» /settings/on-offboarding                          5.61 kB         132 kB
build-and-deploy	Build staging image	2026-02-13T13:25:48.2255120Z #21 103.5 â Î» /settings/onboarding-flow                         7.31 kB         182 kB
build-and-deploy	Build staging image	2026-02-13T13:25:48.2256113Z #21 103.5 â Î» /settings/organization                            5.27 kB         300 kB
build-and-deploy	Build staging image	2026-02-13T13:25:48.2257279Z #21 103.5 â Î» /settings/public-pages                            7.18 kB         145 kB
build-and-deploy	Build staging image	2026-02-13T13:25:48.2258273Z #21 103.5 â Î» /settings/signatures                              5.24 kB         161 kB
build-and-deploy	Build staging image	2026-02-13T13:25:48.2259263Z #21 103.5 â Î» /settings/system-logs                             5.6 kB          162 kB
build-and-deploy	Build staging image	2026-02-13T13:25:48.2260223Z #21 103.5 â Î» /settings/team                                    9.49 kB         179 kB
build-and-deploy	Build staging image	2026-02-13T13:25:48.2261155Z #21 103.5 â Î» /settings/teams                                   10 kB           177 kB
build-and-deploy	Build staging image	2026-02-13T13:25:48.2262146Z #21 103.5 â Î» /settings/teams/bulk-actions                      12.2 kB         180 kB
build-and-deploy	Build staging image	2026-02-13T13:25:48.2263125Z #21 103.5 â Î» /welcome/[token]                                  15.5 kB         209 kB
build-and-deploy	Build staging image	2026-02-13T13:25:48.2263922Z #21 103.5 + First Load JS shared by all                         84.5 kB
build-and-deploy	Build staging image	2026-02-13T13:25:48.2264937Z #21 103.5   â chunks/8069-a00e5dd6cf2c5e71.js                   29.2 kB
build-and-deploy	Build staging image	2026-02-13T13:25:48.2265822Z #21 103.5   â chunks/fd9d1056-d8cfb599c5ca6ff4.js               53.4 kB
build-and-deploy	Build staging image	2026-02-13T13:25:48.2266675Z #21 103.5   â other shared chunks (total)                       1.98 kB
build-and-deploy	Build staging image	2026-02-13T13:25:48.2267286Z #21 103.5 
build-and-deploy	Build staging image	2026-02-13T13:25:48.2267608Z #21 103.5 
build-and-deploy	Build staging image	2026-02-13T13:25:48.2268144Z #21 103.5 Î»  (Dynamic)  server-rendered on demand using Node.js
build-and-deploy	Build staging image	2026-02-13T13:25:48.2268711Z #21 103.5 
build-and-deploy	Build staging image	2026-02-13T13:25:48.5312165Z #21 DONE 104.0s
build-and-deploy	Build staging image	2026-02-13T13:25:49.8785784Z 
build-and-deploy	Build staging image	2026-02-13T13:25:49.8786789Z #22 [runner  7/12] COPY --from=builder /app/public ./public
build-and-deploy	Build staging image	2026-02-13T13:25:50.0419633Z #22 DONE 0.0s
build-and-deploy	Build staging image	2026-02-13T13:25:50.0419993Z 
build-and-deploy	Build staging image	2026-02-13T13:25:50.0420205Z #23 [runner  8/12] RUN mkdir .next
build-and-deploy	Build staging image	2026-02-13T13:25:50.0420716Z #23 DONE 0.1s
build-and-deploy	Build staging image	2026-02-13T13:25:50.1939171Z 
build-and-deploy	Build staging image	2026-02-13T13:25:50.1939771Z #24 [runner  9/12] RUN chown nextjs:nodejs .next
build-and-deploy	Build staging image	2026-02-13T13:25:50.2473765Z #24 DONE 0.2s
build-and-deploy	Build staging image	2026-02-13T13:25:50.3987933Z 
build-and-deploy	Build staging image	2026-02-13T13:25:50.3989056Z #25 [runner 10/12] COPY --from=builder --chown=nextjs:nodejs /app/.next/standalone ./
build-and-deploy	Build staging image	2026-02-13T13:25:50.7604980Z #25 DONE 0.5s
build-and-deploy	Build staging image	2026-02-13T13:25:50.8741263Z 
build-and-deploy	Build staging image	2026-02-13T13:25:50.8742411Z #26 [runner 11/12] COPY --from=builder --chown=nextjs:nodejs /app/.next/static ./.next/static
build-and-deploy	Build staging image	2026-02-13T13:25:50.8743325Z #26 DONE 0.1s
build-and-deploy	Build staging image	2026-02-13T13:25:50.8743575Z 
build-and-deploy	Build staging image	2026-02-13T13:25:50.8744253Z #27 [runner 12/12] COPY --from=builder --chown=nextjs:nodejs /app/prisma ./prisma
build-and-deploy	Build staging image	2026-02-13T13:25:50.8745189Z #27 DONE 0.0s
build-and-deploy	Build staging image	2026-02-13T13:25:51.0284547Z 
build-and-deploy	Build staging image	2026-02-13T13:25:51.0285518Z #28 exporting to image
build-and-deploy	Build staging image	2026-02-13T13:25:51.0286432Z #28 exporting layers
build-and-deploy	Build staging image	2026-02-13T13:26:22.2365788Z #28 exporting layers 31.4s done
build-and-deploy	Build staging image	2026-02-13T13:26:22.4120665Z #28 exporting manifest sha256:1e2ffb38faf4f7e6f0a5d9a4353270b5c4a513cbb89b230009672b4b3c7824e3 done
build-and-deploy	Build staging image	2026-02-13T13:26:22.4122873Z #28 exporting config sha256:b5d9847814942bbf6b01315e05120bb934fab21e662b5e1b6b0c79b7cb273b57 done
build-and-deploy	Build staging image	2026-02-13T13:26:22.4125272Z #28 exporting attestation manifest sha256:f8aca0c23921356277a31fdde6a33ea09dd229c618702a23a6f93f6c7688bccc done
build-and-deploy	Build staging image	2026-02-13T13:26:22.4129199Z #28 exporting manifest list sha256:1d99aed38765ddb2f03eba6e433653b3f21808c584ee2e78571a726e685c056e done
build-and-deploy	Build staging image	2026-02-13T13:26:22.4130879Z #28 naming to docker.io/library/curacel-people-app-staging:latest done
build-and-deploy	Build staging image	2026-02-13T13:26:22.4132232Z #28 unpacking to docker.io/library/curacel-people-app-staging:latest
build-and-deploy	Build staging image	2026-02-13T13:26:28.2130325Z #28 unpacking to docker.io/library/curacel-people-app-staging:latest 6.0s done
build-and-deploy	Build staging image	2026-02-13T13:26:28.3589947Z #28 DONE 37.4s
build-and-deploy	Save image for transfer	ï»¿2026-02-13T13:26:28.3682187Z ##[group]Run echo "Saving image..."
build-and-deploy	Save image for transfer	2026-02-13T13:26:28.3682703Z [36;1mecho "Saving image..."[0m
build-and-deploy	Save image for transfer	2026-02-13T13:26:28.3683414Z [36;1mdocker save curacel-people-app-staging:latest | gzip > app_image_staging.tar.gz[0m
build-and-deploy	Save image for transfer	2026-02-13T13:26:28.3738790Z shell: /usr/bin/bash -e {0}
build-and-deploy	Save image for transfer	2026-02-13T13:26:28.3739127Z env:
build-and-deploy	Save image for transfer	2026-02-13T13:26:28.3739387Z   DOCKER_BUILDKIT: 1
build-and-deploy	Save image for transfer	2026-02-13T13:26:28.3739681Z ##[endgroup]
build-and-deploy	Save image for transfer	2026-02-13T13:26:28.3811274Z Saving image...
build-and-deploy	Prepare .env file	ï»¿2026-02-13T13:26:44.9841140Z ##[group]Run cat << EOF > .env
build-and-deploy	Prepare .env file	2026-02-13T13:26:44.9841560Z [36;1mcat << EOF > .env[0m
build-and-deploy	Prepare .env file	2026-02-13T13:26:44.9841852Z [36;1mNODE_ENV=production[0m
build-and-deploy	Prepare .env file	2026-02-13T13:26:44.9842136Z [36;1mPORT=3800[0m
build-and-deploy	Prepare .env file	2026-02-13T13:26:44.9842735Z [36;1mDATABASE_URL=***[0m
build-and-deploy	Prepare .env file	2026-02-13T13:26:44.9843186Z [36;1mNEXTAUTH_SECRET=***[0m
build-and-deploy	Prepare .env file	2026-02-13T13:26:44.9843578Z [36;1mNEXTAUTH_URL=https://staging.peopleos.crl.to[0m
build-and-deploy	Prepare .env file	2026-02-13T13:26:44.9844144Z [36;1mGOOGLE_CLIENT_ID=[0m
build-and-deploy	Prepare .env file	2026-02-13T13:26:44.9844439Z [36;1mGOOGLE_CLIENT_SECRET=[0m
build-and-deploy	Prepare .env file	2026-02-13T13:26:44.9844856Z [36;1mPOSTMARK_SERVER_TOKEN=***[0m
build-and-deploy	Prepare .env file	2026-02-13T13:26:44.9845261Z [36;1mPOSTMARK_API_TOKEN=***[0m
build-and-deploy	Prepare .env file	2026-02-13T13:26:44.9845632Z [36;1mPOSTMARK_FROM=***[0m
build-and-deploy	Prepare .env file	2026-02-13T13:26:44.9845939Z [36;1mPOSTMARK_MESSAGE_STREAM=outbound[0m
build-and-deploy	Prepare .env file	2026-02-13T13:26:44.9846266Z [36;1mSMTP_HOST=[0m
build-and-deploy	Prepare .env file	2026-02-13T13:26:44.9846522Z [36;1mSMTP_PORT=587[0m
build-and-deploy	Prepare .env file	2026-02-13T13:26:44.9846780Z [36;1mSMTP_USER=[0m
build-and-deploy	Prepare .env file	2026-02-13T13:26:44.9847033Z [36;1mSMTP_PASSWORD=[0m
build-and-deploy	Prepare .env file	2026-02-13T13:26:44.9847365Z [36;1mEMAIL_FROM=***[0m
build-and-deploy	Prepare .env file	2026-02-13T13:26:44.9847671Z [36;1mEMAIL_SERVER_HOST=[0m
build-and-deploy	Prepare .env file	2026-02-13T13:26:44.9847957Z [36;1mEMAIL_SERVER_PORT=587[0m
build-and-deploy	Prepare .env file	2026-02-13T13:26:44.9848247Z [36;1mEMAIL_SERVER_USER=[0m
build-and-deploy	Prepare .env file	2026-02-13T13:26:44.9848531Z [36;1mEMAIL_SERVER_PASSWORD=[0m
build-and-deploy	Prepare .env file	2026-02-13T13:26:44.9848831Z [36;1mDOCUSIGN_CLIENT_ID=[0m
build-and-deploy	Prepare .env file	2026-02-13T13:26:44.9849122Z [36;1mDOCUSIGN_CLIENT_SECRET=[0m
build-and-deploy	Prepare .env file	2026-02-13T13:26:44.9849418Z [36;1mDOCUSIGN_REDIRECT_URI=[0m
build-and-deploy	Prepare .env file	2026-02-13T13:26:44.9849720Z [36;1mUPLOADTHING_SECRET=[0m
build-and-deploy	Prepare .env file	2026-02-13T13:26:44.9850008Z [36;1mUPLOADTHING_APP_ID=[0m
build-and-deploy	Prepare .env file	2026-02-13T13:26:44.9850613Z [36;1mENCRYPTION_KEY=***[0m
build-and-deploy	Prepare .env file	2026-02-13T13:26:44.9850922Z [36;1mDEV_PASSWORDLESS_LOGIN=***[0m
build-and-deploy	Prepare .env file	2026-02-13T13:26:44.9851255Z [36;1mDEV_AUTO_CREATE_SUPER_ADMIN=***[0m
build-and-deploy	Prepare .env file	2026-02-13T13:26:44.9851623Z [36;1mNEXT_PUBLIC_DEV_PASSWORDLESS_LOGIN=***[0m
build-and-deploy	Prepare .env file	2026-02-13T13:26:44.9851959Z [36;1mEOF[0m
build-and-deploy	Prepare .env file	2026-02-13T13:26:44.9901982Z shell: /usr/bin/bash -e {0}
build-and-deploy	Prepare .env file	2026-02-13T13:26:44.9902318Z env:
build-and-deploy	Prepare .env file	2026-02-13T13:26:44.9902584Z   DOCKER_BUILDKIT: 1
build-and-deploy	Prepare .env file	2026-02-13T13:26:44.9902882Z ##[endgroup]
build-and-deploy	Setup SSH	ï»¿2026-02-13T13:26:45.0021208Z ##[group]Run mkdir -p ~/.ssh
build-and-deploy	Setup SSH	2026-02-13T13:26:45.0021637Z [36;1mmkdir -p ~/.ssh[0m
build-and-deploy	Setup SSH	2026-02-13T13:26:45.0022026Z [36;1mecho "***[0m
build-and-deploy	Setup SSH	2026-02-13T13:26:45.0022561Z [36;1m***[0m
build-and-deploy	Setup SSH	2026-02-13T13:26:45.0023035Z [36;1m***[0m
build-and-deploy	Setup SSH	2026-02-13T13:26:45.0023509Z [36;1m***[0m
build-and-deploy	Setup SSH	2026-02-13T13:26:45.0024193Z [36;1m***[0m
build-and-deploy	Setup SSH	2026-02-13T13:26:45.0024606Z [36;1m***[0m
build-and-deploy	Setup SSH	2026-02-13T13:26:45.0024973Z [36;1m***" > ~/.ssh/deploy_key[0m
build-and-deploy	Setup SSH	2026-02-13T13:26:45.0025325Z [36;1mchmod 600 ~/.ssh/deploy_key[0m
build-and-deploy	Setup SSH	2026-02-13T13:26:45.0025778Z [36;1mssh-keyscan -H *** >> ~/.ssh/known_hosts[0m
build-and-deploy	Setup SSH	2026-02-13T13:26:45.0073752Z shell: /usr/bin/bash -e {0}
build-and-deploy	Setup SSH	2026-02-13T13:26:45.0074433Z env:
build-and-deploy	Setup SSH	2026-02-13T13:26:45.0074725Z   DOCKER_BUILDKIT: 1
build-and-deploy	Setup SSH	2026-02-13T13:26:45.0075046Z ##[endgroup]
build-and-deploy	Setup SSH	2026-02-13T13:26:45.1581918Z # ***:22 SSH-2.0-OpenSSH_9.6p1 Ubuntu-3***13.13
build-and-deploy	Setup SSH	2026-02-13T13:26:45.1863175Z # ***:22 SSH-2.0-OpenSSH_9.6p1 Ubuntu-3***13.13
build-and-deploy	Setup SSH	2026-02-13T13:26:45.3282257Z # ***:22 SSH-2.0-OpenSSH_9.6p1 Ubuntu-3***13.13
build-and-deploy	Setup SSH	2026-02-13T13:26:45.4627920Z # ***:22 SSH-2.0-OpenSSH_9.6p1 Ubuntu-3***13.13
build-and-deploy	Setup SSH	2026-02-13T13:26:45.6120450Z # ***:22 SSH-2.0-OpenSSH_9.6p1 Ubuntu-3***13.13
build-and-deploy	Transfer files to server	ï»¿2026-02-13T13:26:45.6468720Z ##[group]Run echo "Transferring artifacts..."
build-and-deploy	Transfer files to server	2026-02-13T13:26:45.6469296Z [36;1mecho "Transferring artifacts..."[0m
build-and-deploy	Transfer files to server	2026-02-13T13:26:45.6470329Z [36;1mssh -o ServerAliveInterval=60 -o ServerAliveCountMax=5 -i ~/.ssh/deploy_key ***@*** "mkdir -p ~/peopleos-staging"[0m
build-and-deploy	Transfer files to server	2026-02-13T13:26:45.6472017Z [36;1mscp -o ServerAliveInterval=60 -o ServerAliveCountMax=5 -i ~/.ssh/deploy_key .env docker-compose.deploy.yml app_image_staging.tar.gz ***@***:~/peopleos-staging/[0m
build-and-deploy	Transfer files to server	2026-02-13T13:26:45.6522345Z shell: /usr/bin/bash -e {0}
build-and-deploy	Transfer files to server	2026-02-13T13:26:45.6522781Z env:
build-and-deploy	Transfer files to server	2026-02-13T13:26:45.6523130Z   DOCKER_BUILDKIT: 1
build-and-deploy	Transfer files to server	2026-02-13T13:26:45.6523516Z ##[endgroup]
build-and-deploy	Transfer files to server	2026-02-13T13:26:45.6599298Z Transferring artifacts...
build-and-deploy	Deploy on server	ï»¿2026-02-13T13:27:01.3903575Z ##[group]Run ssh -o ServerAliveInterval=60 -o ServerAliveCountMax=5 -i ~/.ssh/deploy_key ***@*** << 'EOF'
build-and-deploy	Deploy on server	2026-02-13T13:27:01.3904906Z [36;1mssh -o ServerAliveInterval=60 -o ServerAliveCountMax=5 -i ~/.ssh/deploy_key ***@*** << 'EOF'[0m
build-and-deploy	Deploy on server	2026-02-13T13:27:01.3905547Z [36;1m  cd ~/peopleos-staging[0m
build-and-deploy	Deploy on server	2026-02-13T13:27:01.3905940Z [36;1m  echo "--- Starting Deployment ---"[0m
build-and-deploy	Deploy on server	2026-02-13T13:27:01.3906326Z [36;1m  [0m
build-and-deploy	Deploy on server	2026-02-13T13:27:01.3906598Z [36;1m  # Load new image[0m
build-and-deploy	Deploy on server	2026-02-13T13:27:01.3906939Z [36;1m  echo "[1/3] Loading image..."[0m
build-and-deploy	Deploy on server	2026-02-13T13:27:01.3907382Z [36;1m  gunzip -c app_image_staging.tar.gz | docker load[0m
build-and-deploy	Deploy on server	2026-02-13T13:27:01.3907811Z [36;1m  [0m
build-and-deploy	Deploy on server	2026-02-13T13:27:01.3908398Z [36;1m  # Start infra (ensure different ports or network if running alongside prod, but this is a separate instance)[0m
build-and-deploy	Deploy on server	2026-02-13T13:27:01.3909123Z [36;1m  echo "[2/3] Starting infrastructure..."[0m
build-and-deploy	Deploy on server	2026-02-13T13:27:01.3909728Z [36;1m  # Note: Using restart: always in docker-compose might conflict if we don't handle it[0m
build-and-deploy	Deploy on server	2026-02-13T13:27:01.3910377Z [36;1m  # But assume standard deploy for now[0m
build-and-deploy	Deploy on server	2026-02-13T13:27:01.3910908Z [36;1m  docker compose -f docker-compose.deploy.yml up -d postgres redis[0m
build-and-deploy	Deploy on server	2026-02-13T13:27:01.3911415Z [36;1m  sleep 10[0m
build-and-deploy	Deploy on server	2026-02-13T13:27:01.3911703Z [36;1m  [0m
build-and-deploy	Deploy on server	2026-02-13T13:27:01.3911969Z [36;1m  # Swap app[0m
build-and-deploy	Deploy on server	2026-02-13T13:27:01.3912331Z [36;1m  # Updating env vars or image tag reference? [0m
build-and-deploy	Deploy on server	2026-02-13T13:27:01.3912880Z [36;1m  # The docker-compose uses `curacel-people-app:latest` typically[0m
build-and-deploy	Deploy on server	2026-02-13T13:27:01.3913454Z [36;1m  # We tagged it `curacel-people-app-staging:latest`[0m
build-and-deploy	Deploy on server	2026-02-13T13:27:01.3914389Z [36;1m  # We need to tell docker compose to use that image.[0m
build-and-deploy	Deploy on server	2026-02-13T13:27:01.3914813Z [36;1m  [0m
build-and-deploy	Deploy on server	2026-02-13T13:27:01.3915082Z [36;1m  # Migrations[0m
build-and-deploy	Deploy on server	2026-02-13T13:27:01.3915444Z [36;1m  echo "[3/4] Running database migrations..."[0m
build-and-deploy	Deploy on server	2026-02-13T13:27:01.3915920Z [36;1m  APP_IMAGE=curacel-people-app-staging:latest \[0m
build-and-deploy	Deploy on server	2026-02-13T13:27:01.3916701Z [36;1m  docker compose -f docker-compose.deploy.yml run --rm app prisma migrate deploy || echo "Migration failed, check logs"[0m
build-and-deploy	Deploy on server	2026-02-13T13:27:01.3917429Z [36;1m[0m
build-and-deploy	Deploy on server	2026-02-13T13:27:01.3917753Z [36;1m  echo "[4/4] Starting application..."[0m
build-and-deploy	Deploy on server	2026-02-13T13:27:01.3918249Z [36;1m  APP_IMAGE=curacel-people-app-staging:latest \[0m
build-and-deploy	Deploy on server	2026-02-13T13:27:01.3918923Z [36;1m  docker compose -f docker-compose.deploy.yml up -d --force-recreate app adminer[0m
build-and-deploy	Deploy on server	2026-02-13T13:27:01.3919532Z [36;1m  [0m
build-and-deploy	Deploy on server	2026-02-13T13:27:01.3919819Z [36;1m  # Diagnostics[0m
build-and-deploy	Deploy on server	2026-02-13T13:27:01.3920150Z [36;1m  sleep 15[0m
build-and-deploy	Deploy on server	2026-02-13T13:27:01.3920503Z [36;1m  echo "=== Container Status ==="[0m
build-and-deploy	Deploy on server	2026-02-13T13:27:01.3920984Z [36;1m  docker compose -f docker-compose.deploy.yml ps[0m
build-and-deploy	Deploy on server	2026-02-13T13:27:01.3921455Z [36;1m  echo "=== App Logs ==="[0m
build-and-deploy	Deploy on server	2026-02-13T13:27:01.3921898Z [36;1m  docker logs curacel-people-app-v2 --tail 30[0m
build-and-deploy	Deploy on server	2026-02-13T13:27:01.3922328Z [36;1m  [0m
build-and-deploy	Deploy on server	2026-02-13T13:27:01.3922611Z [36;1m  # Cleanup[0m
build-and-deploy	Deploy on server	2026-02-13T13:27:01.3922958Z [36;1m  rm -f app_image_staging.tar.gz[0m
build-and-deploy	Deploy on server	2026-02-13T13:27:01.3923349Z [36;1m  docker image prune -f[0m
build-and-deploy	Deploy on server	2026-02-13T13:27:01.3923718Z [36;1m  echo "â Deployment complete!"[0m
build-and-deploy	Deploy on server	2026-02-13T13:27:01.3924276Z [36;1mEOF[0m
build-and-deploy	Deploy on server	2026-02-13T13:27:01.3974754Z shell: /usr/bin/bash -e {0}
build-and-deploy	Deploy on server	2026-02-13T13:27:01.3975103Z env:
build-and-deploy	Deploy on server	2026-02-13T13:27:01.3975382Z   DOCKER_BUILDKIT: 1
build-and-deploy	Deploy on server	2026-02-13T13:27:01.3975701Z ##[endgroup]
build-and-deploy	Deploy on server	2026-02-13T13:27:01.4093801Z Pseudo-terminal will not be allocated because stdin is not a terminal.
build-and-deploy	Deploy on server	2026-02-13T13:27:02.4952814Z Welcome to Ubuntu 24.04.3 LTS (GNU/Linux 6.14.0-1019-gcp x86_64)
build-and-deploy	Deploy on server	2026-02-13T13:27:02.4953765Z 
build-and-deploy	Deploy on server	2026-02-13T13:27:02.4954400Z  * Documentation:  https://help.***.com
build-and-deploy	Deploy on server	2026-02-13T13:27:02.4955249Z  * Management:     https://landscape.canonical.com
build-and-deploy	Deploy on server	2026-02-13T13:27:02.4956047Z  * Support:        https://***.com/pro
build-and-deploy	Deploy on server	2026-02-13T13:27:02.4956484Z 
build-and-deploy	Deploy on server	2026-02-13T13:27:02.4956798Z  System information as of Fri Feb 13 13:26:46 UTC 2026
build-and-deploy	Deploy on server	2026-02-13T13:27:02.4957733Z 
build-and-deploy	Deploy on server	2026-02-13T13:27:02.4958071Z   System load:  0.01               Processes:             143
build-and-deploy	Deploy on server	2026-02-13T13:27:02.4958932Z   Usage of /:   42.6% of 28.02GB   Users logged in:       0
build-and-deploy	Deploy on server	2026-02-13T13:27:02.4959816Z   Memory usage: 36%                IPv4 address for ens4: 10.0.1.14
build-and-deploy	Deploy on server	2026-02-13T13:27:02.4960596Z   Swap usage:   29%
build-and-deploy	Deploy on server	2026-02-13T13:27:02.4960904Z 
build-and-deploy	Deploy on server	2026-02-13T13:27:02.4961130Z   => There is 1 zombie process.
build-and-deploy	Deploy on server	2026-02-13T13:27:02.4961510Z 
build-and-deploy	Deploy on server	2026-02-13T13:27:02.4961515Z 
build-and-deploy	Deploy on server	2026-02-13T13:27:02.4961909Z Expanded Security Maintenance for Applications is not enabled.
build-and-deploy	Deploy on server	2026-02-13T13:27:02.4962525Z 
build-and-deploy	Deploy on server	2026-02-13T13:27:02.4962771Z 72 updates can be applied immediately.
build-and-deploy	Deploy on server	2026-02-13T13:27:02.4963551Z To see these additional updates run: apt list --upgradable
build-and-deploy	Deploy on server	2026-02-13T13:27:02.4964329Z 
build-and-deploy	Deploy on server	2026-02-13T13:27:02.4964709Z Enable ESM Apps to receive additional future security updates.
build-and-deploy	Deploy on server	2026-02-13T13:27:02.4965611Z See https://***.com/esm or run: sudo pro status
build-and-deploy	Deploy on server	2026-02-13T13:27:02.4966106Z 
build-and-deploy	Deploy on server	2026-02-13T13:27:02.4966113Z 
build-and-deploy	Deploy on server	2026-02-13T13:27:02.4966346Z *** System restart required ***
build-and-deploy	Deploy on server	2026-02-13T13:27:02.9356722Z --- Starting Deployment ---
build-and-deploy	Deploy on server	2026-02-13T13:27:02.9357535Z [1/3] Loading image...
build-and-deploy	Deploy on server	2026-02-13T13:27:41.4257618Z Loaded image: curacel-people-app-staging:latest
build-and-deploy	Deploy on server	2026-02-13T13:27:42.0484260Z [2/3] Starting infrastructure...
build-and-deploy	Deploy on server	2026-02-13T13:27:43.7941010Z time="2026-02-13T13:27:43Z" level=warning msg="/home/***/peopleos-staging/docker-compose.deploy.yml: the attribute `version` is obsolete, it will be ignored, please remove it to avoid potential confusion"
build-and-deploy	Deploy on server	2026-02-13T13:27:45.6398066Z  Container curacel-people-db-v2 Running 
build-and-deploy	Deploy on server	2026-02-13T13:27:45.6400839Z  Container curacel-people-redis-v2 Running 
build-and-deploy	Deploy on server	2026-02-13T13:27:56.8381253Z [3/4] Running database migrations...
build-and-deploy	Deploy on server	2026-02-13T13:27:56.9312569Z time="2026-02-13T13:27:56Z" level=warning msg="/home/***/peopleos-staging/docker-compose.deploy.yml: the attribute `version` is obsolete, it will be ignored, please remove it to avoid potential confusion"
build-and-deploy	Deploy on server	2026-02-13T13:27:57.2663748Z  Container curacel-people-redis-v2 Running 
build-and-deploy	Deploy on server	2026-02-13T13:27:57.2664986Z  Container curacel-people-db-v2 Running 
build-and-deploy	Deploy on server	2026-02-13T13:27:57.8515151Z  Container curacel-people-db-v2 Waiting 
build-and-deploy	Deploy on server	2026-02-13T13:27:58.3554632Z  Container curacel-people-db-v2 Healthy 
build-and-deploy	Deploy on server	2026-02-13T13:27:58.3555814Z  Container peopleos-staging-app-run-f7a42679e90b Creating 
build-and-deploy	Deploy on server	2026-02-13T13:27:59.6118739Z  Container peopleos-staging-app-run-f7a42679e90b Created 
build-and-deploy	Deploy on server	2026-02-13T13:28:06.4753833Z Prisma schema loaded from prisma/schema.prisma
build-and-deploy	Deploy on server	2026-02-13T13:28:06.9777547Z Datasource "db": PostgreSQL database "curacel_people", schema "public" at "postgres:5432"
build-and-deploy	Deploy on server	2026-02-13T13:28:10.9834511Z 
build-and-deploy	Deploy on server	2026-02-13T13:28:11.2087004Z No migration found in prisma/migrations
build-and-deploy	Deploy on server	2026-02-13T13:28:11.2087692Z 
build-and-deploy	Deploy on server	2026-02-13T13:28:12.2616205Z 
build-and-deploy	Deploy on server	2026-02-13T13:28:12.2617020Z No pending migrations to apply.
build-and-deploy	Post Set up Docker Buildx	ï»¿2026-02-13T13:28:18.3042741Z Post job cleanup.
build-and-deploy	Post Set up Docker Buildx	2026-02-13T13:28:18.5771348Z ##[group]Removing builder
build-and-deploy	Post Set up Docker Buildx	2026-02-13T13:28:18.7096164Z [command]/usr/bin/docker buildx rm builder-fc45929d-3859-4501-9537-e1557fc2a49f
build-and-deploy	Post Set up Docker Buildx	2026-02-13T13:28:18.8874382Z builder-fc45929d-3859-4501-9537-e1557fc2a49f removed
build-and-deploy	Post Set up Docker Buildx	2026-02-13T13:28:18.8921903Z ##[endgroup]
build-and-deploy	Post Set up Docker Buildx	2026-02-13T13:28:18.8923736Z ##[group]Cleaning up certificates
build-and-deploy	Post Set up Docker Buildx	2026-02-13T13:28:18.8932187Z ##[endgroup]
build-and-deploy	Post Set up Docker Buildx	2026-02-13T13:28:18.8933171Z ##[group]Post cache
build-and-deploy	Post Set up Docker Buildx	2026-02-13T13:28:18.8935371Z State not set
build-and-deploy	Post Set up Docker Buildx	2026-02-13T13:28:18.8936403Z ##[endgroup]
build-and-deploy	Post Checkout code	ï»¿2026-02-13T13:28:18.9127944Z Post job cleanup.
build-and-deploy	Post Checkout code	2026-02-13T13:28:19.0162752Z [command]/usr/bin/git version
build-and-deploy	Post Checkout code	2026-02-13T13:28:19.0203571Z git version 2.52.0
build-and-deploy	Post Checkout code	2026-02-13T13:28:19.0252572Z Temporarily overriding HOME='/home/runner/work/_temp/b4e1f887-7cfb-46f1-bdfd-ad698b08219d' before making global git config changes
build-and-deploy	Post Checkout code	2026-02-13T13:28:19.0254544Z Adding repository directory to the temporary git global config as a safe directory
build-and-deploy	Post Checkout code	2026-02-13T13:28:19.0260346Z [command]/usr/bin/git config --global --add safe.directory /home/runner/work/curacel-peoplev2/curacel-peoplev2
build-and-deploy	Post Checkout code	2026-02-13T13:28:19.0305025Z [command]/usr/bin/git config --local --name-only --get-regexp core\.sshCommand
build-and-deploy	Post Checkout code	2026-02-13T13:28:19.0344139Z [command]/usr/bin/git submodule foreach --recursive sh -c "git config --local --name-only --get-regexp 'core\.sshCommand' && git config --local --unset-all 'core.sshCommand' || :"
build-and-deploy	Post Checkout code	2026-02-13T13:28:19.0615685Z [command]/usr/bin/git config --local --name-only --get-regexp http\.https\:\/\/github\.com\/\.extraheader
build-and-deploy	Post Checkout code	2026-02-13T13:28:19.0646991Z http.https://github.com/.extraheader
build-and-deploy	Post Checkout code	2026-02-13T13:28:19.0661882Z [command]/usr/bin/git config --local --unset-all http.https://github.com/.extraheader
build-and-deploy	Post Checkout code	2026-02-13T13:28:19.0700859Z [command]/usr/bin/git submodule foreach --recursive sh -c "git config --local --name-only --get-regexp 'http\.https\:\/\/github\.com\/\.extraheader' && git config --local --unset-all 'http.https://github.com/.extraheader' || :"
build-and-deploy	Post Checkout code	2026-02-13T13:28:19.0972144Z [command]/usr/bin/git config --local --name-only --get-regexp ^includeIf\.gitdir:
build-and-deploy	Post Checkout code	2026-02-13T13:28:19.1012309Z [command]/usr/bin/git submodule foreach --recursive git config --local --show-origin --name-only --get-regexp remote.origin.url
build-and-deploy	Complete job	ï»¿2026-02-13T13:28:19.1415468Z Cleaning up orphan processes
